2026-06-30 13:27:05 [INFO] [4013501] [4013501] [export_manager.cpp:123] Start to load data!
2026-06-30 13:27:05 [INFO] [4013501] [4013501] [data_processor.cpp:31] HASH_INIT Run. Dir is /mnt/data01/zmz/workspace/12agent/waic/build/apply_mix/operators/apply_mix/msprof_output/PROF_GROUP_20260630_132652/PROF_ArithmeticUtilization/PROF_000001_20260630132702305_04013234EDPQHOQP
2026-06-30 13:27:05 [WARN] [4013501] [4013501] [data_processor.cpp:42] Can't find the db, the path is /mnt/data01/zmz/workspace/12agent/waic/build/apply_mix/operators/apply_mix/msprof_output/PROF_GROUP_20260630_132652/PROF_ArithmeticUtilization/PROF_000001_20260630132702305_04013234EDPQHOQP/host/sqlite/ge_logic_stream_info.db.
2026-06-30 13:27:05 [INFO] [4013501] [4013501] [hash_init_processor.cpp:59] Init Hash data, dir is /mnt/data01/zmz/workspace/12agent/waic/build/apply_mix/operators/apply_mix/msprof_output/PROF_GROUP_20260630_132652/PROF_ArithmeticUtilization/PROF_000001_20260630132702305_04013234EDPQHOQP
2026-06-30 13:27:05 [INFO] [4013501] [4013501] [data_processor.cpp:58] Check /mnt/data01/zmz/workspace/12agent/waic/build/apply_mix/operators/apply_mix/msprof_output/PROF_GROUP_20260630_132652/PROF_ArithmeticUtilization/PROF_000001_20260630132702305_04013234EDPQHOQP/host/sqlite/ge_hash.db and GeHashInfo success.
2026-06-30 13:27:05 [INFO] [4013501] [4013501] [db_runner.h:79] Start query data
2026-06-30 13:27:05 [INFO] [4013501] [4013501] [db_runner.h:90] Query data success: SELECT hash_key, hash_value FROM GeHashInfo
2026-06-30 13:27:05 [INFO] [4013501] [4013502] [data_processor.cpp:31] ACC_PMU Run. Dir is /mnt/data01/zmz/workspace/12agent/waic/build/apply_mix/operators/apply_mix/msprof_output/PROF_GROUP_20260630_132652/PROF_ArithmeticUtilization/PROF_000001_20260630132702305_04013234EDPQHOQP
2026-06-30 13:27:05 [INFO] [4013501] [4013505] [data_processor.cpp:31] API Run. Dir is /mnt/data01/zmz/workspace/12agent/waic/build/apply_mix/operators/apply_mix/msprof_output/PROF_GROUP_20260630_132652/PROF_ArithmeticUtilization/PROF_000001_20260630132702305_04013234EDPQHOQP
2026-06-30 13:27:05 [INFO] [4013501] [4013503] [data_processor.cpp:31] AICORE_FREQ Run. Dir is /mnt/data01/zmz/workspace/12agent/waic/build/apply_mix/operators/apply_mix/msprof_output/PROF_GROUP_20260630_132652/PROF_ArithmeticUtilization/PROF_000001_20260630132702305_04013234EDPQHOQP
2026-06-30 13:27:05 [INFO] [4013501] [4013504] [data_processor.cpp:31] COMMUNICATION Run. Dir is /mnt/data01/zmz/workspace/12agent/waic/build/apply_mix/operators/apply_mix/msprof_output/PROF_GROUP_20260630_132652/PROF_ArithmeticUtilization/PROF_000001_20260630132702305_04013234EDPQHOQP
2026-06-30 13:27:05 [INFO] [4013501] [4013507] [data_processor.cpp:31] COMMUNICATION_STATISTIC Run. Dir is /mnt/data01/zmz/workspace/12agent/waic/build/apply_mix/operators/apply_mix/msprof_output/PROF_GROUP_20260630_132652/PROF_ArithmeticUtilization/PROF_000001_20260630132702305_04013234EDPQHOQP
2026-06-30 13:27:05 [INFO] [4013501] [4013509] [data_processor.cpp:31] COMPUTE_TASK_INFO Run. Dir is /mnt/data01/zmz/workspace/12agent/waic/build/apply_mix/operators/apply_mix/msprof_output/PROF_GROUP_20260630_132652/PROF_ArithmeticUtilization/PROF_000001_20260630132702305_04013234EDPQHOQP
2026-06-30 13:27:05 [INFO] [4013501] [4013508] [data_processor.cpp:31] CPU_USAGE Run. Dir is /mnt/data01/zmz/workspace/12agent/waic/build/apply_mix/operators/apply_mix/msprof_output/PROF_GROUP_20260630_132652/PROF_ArithmeticUtilization/PROF_000001_20260630132702305_04013234EDPQHOQP
2026-06-30 13:27:05 [WARN] [4013501] [4013509] [data_processor.cpp:42] Can't find the db, the path is /mnt/data01/zmz/workspace/12agent/waic/build/apply_mix/operators/apply_mix/msprof_output/PROF_GROUP_20260630_132652/PROF_ArithmeticUtilization/PROF_000001_20260630132702305_04013234EDPQHOQP/host/sqlite/ge_info.db.
2026-06-30 13:27:05 [INFO] [4013501] [4013508] [host_usage_processor.cpp:27] Start process CPU_USAGE.
2026-06-30 13:27:05 [WARN] [4013501] [4013507] [data_processor.cpp:42] Can't find the db, the path is /mnt/data01/zmz/workspace/12agent/waic/build/apply_mix/operators/apply_mix/msprof_output/PROF_GROUP_20260630_132652/PROF_ArithmeticUtilization/PROF_000001_20260630132702305_04013234EDPQHOQP/device_6/sqlite/hccl_single_device.db.
2026-06-30 13:27:05 [INFO] [4013501] [4013510] [data_processor.cpp:31] DDR Run. Dir is /mnt/data01/zmz/workspace/12agent/waic/build/apply_mix/operators/apply_mix/msprof_output/PROF_GROUP_20260630_132652/PROF_ArithmeticUtilization/PROF_000001_20260630132702305_04013234EDPQHOQP
2026-06-30 13:27:05 [INFO] [4013501] [4013507] [data_processor.h:80] Save COMMUNICATION_STATISTIC data into dataInventory
2026-06-30 13:27:05 [WARN] [4013501] [4013507] [data_processor.h:82] COMMUNICATION_STATISTIC no data to inject to dataInventory
2026-06-30 13:27:05 [INFO] [4013501] [4013507] [data_processor.cpp:31] DISK_USAGE Run. Dir is /mnt/data01/zmz/workspace/12agent/waic/build/apply_mix/operators/apply_mix/msprof_output/PROF_GROUP_20260630_132652/PROF_ArithmeticUtilization/PROF_000001_20260630132702305_04013234EDPQHOQP
2026-06-30 13:27:05 [INFO] [4013501] [4013509] [data_processor.cpp:31] FUSION_OP Run. Dir is /mnt/data01/zmz/workspace/12agent/waic/build/apply_mix/operators/apply_mix/msprof_output/PROF_GROUP_20260630_132652/PROF_ArithmeticUtilization/PROF_000001_20260630132702305_04013234EDPQHOQP
2026-06-30 13:27:05 [INFO] [4013501] [4013511] [data_processor.cpp:31] DEVICE_MSTX Run. Dir is /mnt/data01/zmz/workspace/12agent/waic/build/apply_mix/operators/apply_mix/msprof_output/PROF_GROUP_20260630_132652/PROF_ArithmeticUtilization/PROF_000001_20260630132702305_04013234EDPQHOQP
2026-06-30 13:27:05 [INFO] [4013501] [4013507] [host_usage_processor.cpp:27] Start process DISK_USAGE.
2026-06-30 13:27:05 [WARN] [4013501] [4013509] [data_processor.cpp:42] Can't find the db, the path is /mnt/data01/zmz/workspace/12agent/waic/build/apply_mix/operators/apply_mix/msprof_output/PROF_GROUP_20260630_132652/PROF_ArithmeticUtilization/PROF_000001_20260630132702305_04013234EDPQHOQP/host/sqlite/ge_model_info.db.
2026-06-30 13:27:05 [INFO] [4013501] [4013509] [data_processor.cpp:31] HCCS Run. Dir is /mnt/data01/zmz/workspace/12agent/waic/build/apply_mix/operators/apply_mix/msprof_output/PROF_GROUP_20260630_132652/PROF_ArithmeticUtilization/PROF_000001_20260630132702305_04013234EDPQHOQP
2026-06-30 13:27:05 [INFO] [4013501] [4013506] [data_processor.cpp:31] HBM Run. Dir is /mnt/data01/zmz/workspace/12agent/waic/build/apply_mix/operators/apply_mix/msprof_output/PROF_GROUP_20260630_132652/PROF_ArithmeticUtilization/PROF_000001_20260630132702305_04013234EDPQHOQP
2026-06-30 13:27:05 [INFO] [4013501] [4013505] [data_processor.cpp:58] Check /mnt/data01/zmz/workspace/12agent/waic/build/apply_mix/operators/apply_mix/msprof_output/PROF_GROUP_20260630_132652/PROF_ArithmeticUtilization/PROF_000001_20260630132702305_04013234EDPQHOQP/host/sqlite/api_event.db and ApiData success.
2026-06-30 13:27:05 [INFO] [4013501] [4013505] [db_runner.h:79] Start query data
2026-06-30 13:27:05 [WARN] [4013501] [4013502] [data_processor.cpp:42] Can't find the db, the path is /mnt/data01/zmz/workspace/12agent/waic/build/apply_mix/operators/apply_mix/msprof_output/PROF_GROUP_20260630_132652/PROF_ArithmeticUtilization/PROF_000001_20260630132702305_04013234EDPQHOQP/device_6/sqlite/acc_pmu.db.
2026-06-30 13:27:05 [INFO] [4013501] [4013502] [data_processor.h:80] Save ACC_PMU data into dataInventory
2026-06-30 13:27:05 [WARN] [4013501] [4013502] [data_processor.h:82] ACC_PMU no data to inject to dataInventory
2026-06-30 13:27:05 [INFO] [4013501] [4013502] [data_processor.cpp:31] HOST_TASK Run. Dir is /mnt/data01/zmz/workspace/12agent/waic/build/apply_mix/operators/apply_mix/msprof_output/PROF_GROUP_20260630_132652/PROF_ArithmeticUtilization/PROF_000001_20260630132702305_04013234EDPQHOQP
2026-06-30 13:27:05 [WARN] [4013501] [4013504] [data_processor.cpp:42] Can't find the db, the path is /mnt/data01/zmz/workspace/12agent/waic/build/apply_mix/operators/apply_mix/msprof_output/PROF_GROUP_20260630_132652/PROF_ArithmeticUtilization/PROF_000001_20260630132702305_04013234EDPQHOQP/device_6/sqlite/hccl_single_device.db.
2026-06-30 13:27:05 [WARN] [4013501] [4013504] [data_processor.cpp:42] Can't find the db, the path is /mnt/data01/zmz/workspace/12agent/waic/build/apply_mix/operators/apply_mix/msprof_output/PROF_GROUP_20260630_132652/PROF_ArithmeticUtilization/PROF_000001_20260630132702305_04013234EDPQHOQP/device_6/sqlite/hccl_single_device.db.
2026-06-30 13:27:05 [WARN] [4013501] [4013508] [data_processor.cpp:42] Can't find the db, the path is /mnt/data01/zmz/workspace/12agent/waic/build/apply_mix/operators/apply_mix/msprof_output/PROF_GROUP_20260630_132652/PROF_ArithmeticUtilization/PROF_000001_20260630132702305_04013234EDPQHOQP/host/sqlite/host_cpu_usage.db.
2026-06-30 13:27:05 [INFO] [4013501] [4013504] [data_processor.h:68] There are 0 records before COMMUNICATION_TASK_INFO data filtering, filterTime is 1782826022558026000.
2026-06-30 13:27:05 [INFO] [4013501] [4013505] [db_runner.h:90] Query data success: SELECT struct_type, id, level, thread_id, item_id, start, end, connection_id FROM ApiData
2026-06-30 13:27:05 [INFO] [4013501] [4013504] [data_processor.h:73] There are 0 records after COMMUNICATION_TASK_INFO data filtering.
2026-06-30 13:27:05 [INFO] [4013501] [4013508] [data_processor.cpp:31] KFC_COMM Run. Dir is /mnt/data01/zmz/workspace/12agent/waic/build/apply_mix/operators/apply_mix/msprof_output/PROF_GROUP_20260630_132652/PROF_ArithmeticUtilization/PROF_000001_20260630132702305_04013234EDPQHOQP
2026-06-30 13:27:05 [INFO] [4013501] [4013504] [data_processor.h:68] There are 0 records before COMMUNICATION_TASK_INFO data filtering, filterTime is 1782826022558026000.
2026-06-30 13:27:05 [WARN] [4013501] [4013507] [data_processor.cpp:42] Can't find the db, the path is /mnt/data01/zmz/workspace/12agent/waic/build/apply_mix/operators/apply_mix/msprof_output/PROF_GROUP_20260630_132652/PROF_ArithmeticUtilization/PROF_000001_20260630132702305_04013234EDPQHOQP/host/sqlite/host_disk_usage.db.
2026-06-30 13:27:05 [INFO] [4013501] [4013504] [data_processor.h:73] There are 0 records after COMMUNICATION_TASK_INFO data filtering.
2026-06-30 13:27:05 [INFO] [4013501] [4013507] [data_processor.cpp:31] KFC_TASK Run. Dir is /mnt/data01/zmz/workspace/12agent/waic/build/apply_mix/operators/apply_mix/msprof_output/PROF_GROUP_20260630_132652/PROF_ArithmeticUtilization/PROF_000001_20260630132702305_04013234EDPQHOQP
2026-06-30 13:27:05 [INFO] [4013501] [4013504] [data_processor.h:80] Save COMMUNICATION_TASK_INFO data into dataInventory
2026-06-30 13:27:05 [INFO] [4013501] [4013502] [db_runner.h:79] Start query data
2026-06-30 13:27:05 [WARN] [4013501] [4013504] [data_processor.h:82] COMMUNICATION_TASK_INFO no data to inject to dataInventory
2026-06-30 13:27:05 [INFO] [4013501] [4013504] [data_processor.h:80] Save COMMUNICATION_OP data into dataInventory
2026-06-30 13:27:05 [WARN] [4013501] [4013504] [data_processor.h:82] COMMUNICATION_OP no data to inject to dataInventory
2026-06-30 13:27:05 [WARN] [4013501] [4013509] [data_processor.cpp:42] Can't find the db, the path is /mnt/data01/zmz/workspace/12agent/waic/build/apply_mix/operators/apply_mix/msprof_output/PROF_GROUP_20260630_132652/PROF_ArithmeticUtilization/PROF_000001_20260630132702305_04013234EDPQHOQP/device_6/sqlite/hccs.db.
2026-06-30 13:27:05 [WARN] [4013501] [4013506] [data_processor.cpp:42] Can't find the db, the path is /mnt/data01/zmz/workspace/12agent/waic/build/apply_mix/operators/apply_mix/msprof_output/PROF_GROUP_20260630_132652/PROF_ArithmeticUtilization/PROF_000001_20260630132702305_04013234EDPQHOQP/device_6/sqlite/hbm.db.
2026-06-30 13:27:05 [INFO] [4013501] [4013509] [data_processor.h:80] Save HCCS data into dataInventory
2026-06-30 13:27:05 [INFO] [4013501] [4013504] [data_processor.cpp:31] LLC Run. Dir is /mnt/data01/zmz/workspace/12agent/waic/build/apply_mix/operators/apply_mix/msprof_output/PROF_GROUP_20260630_132652/PROF_ArithmeticUtilization/PROF_000001_20260630132702305_04013234EDPQHOQP
2026-06-30 13:27:05 [WARN] [4013501] [4013509] [data_processor.h:82] HCCS no data to inject to dataInventory
2026-06-30 13:27:05 [INFO] [4013501] [4013506] [data_processor.h:80] Save HBM data into dataInventory
2026-06-30 13:27:05 [INFO] [4013501] [4013509] [data_processor.h:80] Save HCCS data into dataInventory
2026-06-30 13:27:05 [WARN] [4013501] [4013506] [data_processor.h:82] HBM no data to inject to dataInventory
2026-06-30 13:27:05 [WARN] [4013501] [4013509] [data_processor.h:82] HCCS no data to inject to dataInventory
2026-06-30 13:27:05 [INFO] [4013501] [4013506] [data_processor.h:80] Save HBM data into dataInventory
2026-06-30 13:27:05 [WARN] [4013501] [4013506] [data_processor.h:82] HBM no data to inject to dataInventory
2026-06-30 13:27:05 [INFO] [4013501] [4013509] [data_processor.cpp:31] MC2_COMM_INFO Run. Dir is /mnt/data01/zmz/workspace/12agent/waic/build/apply_mix/operators/apply_mix/msprof_output/PROF_GROUP_20260630_132652/PROF_ArithmeticUtilization/PROF_000001_20260630132702305_04013234EDPQHOQP
2026-06-30 13:27:05 [INFO] [4013501] [4013506] [data_processor.cpp:31] MEMCPY_INFO Run. Dir is /mnt/data01/zmz/workspace/12agent/waic/build/apply_mix/operators/apply_mix/msprof_output/PROF_GROUP_20260630_132652/PROF_ArithmeticUtilization/PROF_000001_20260630132702305_04013234EDPQHOQP
2026-06-30 13:27:05 [WARN] [4013501] [4013509] [data_processor.cpp:42] Can't find the db, the path is /mnt/data01/zmz/workspace/12agent/waic/build/apply_mix/operators/apply_mix/msprof_output/PROF_GROUP_20260630_132652/PROF_ArithmeticUtilization/PROF_000001_20260630132702305_04013234EDPQHOQP/host/sqlite/mc2_comm_info.db.
2026-06-30 13:27:05 [INFO] [4013501] [4013509] [data_processor.cpp:31] MEM_USAGE Run. Dir is /mnt/data01/zmz/workspace/12agent/waic/build/apply_mix/operators/apply_mix/msprof_output/PROF_GROUP_20260630_132652/PROF_ArithmeticUtilization/PROF_000001_20260630132702305_04013234EDPQHOQP
2026-06-30 13:27:05 [INFO] [4013501] [4013509] [host_usage_processor.cpp:27] Start process MEM_USAGE.
2026-06-30 13:27:05 [INFO] [4013501] [4013502] [db_runner.h:90] Query data success: SELECT stream_id, request_id, batch_id, task_id, context_ids, model_id, task_type, kernel_name, connection_id, device_id FROM HostTask
2026-06-30 13:27:05 [INFO] [4013501] [4013502] [data_processor.h:80] Save HOST_TASK data into dataInventory
2026-06-30 13:27:05 [INFO] [4013501] [4013502] [data_processor.cpp:31] MODEL_NAME Run. Dir is /mnt/data01/zmz/workspace/12agent/waic/build/apply_mix/operators/apply_mix/msprof_output/PROF_GROUP_20260630_132652/PROF_ArithmeticUtilization/PROF_000001_20260630132702305_04013234EDPQHOQP
2026-06-30 13:27:05 [WARN] [4013501] [4013502] [data_processor.cpp:42] Can't find the db, the path is /mnt/data01/zmz/workspace/12agent/waic/build/apply_mix/operators/apply_mix/msprof_output/PROF_GROUP_20260630_132652/PROF_ArithmeticUtilization/PROF_000001_20260630132702305_04013234EDPQHOQP/host/sqlite/ge_model_info.db.
2026-06-30 13:27:05 [INFO] [4013501] [4013502] [data_processor.cpp:31] MSTX Run. Dir is /mnt/data01/zmz/workspace/12agent/waic/build/apply_mix/operators/apply_mix/msprof_output/PROF_GROUP_20260630_132652/PROF_ArithmeticUtilization/PROF_000001_20260630132702305_04013234EDPQHOQP
2026-06-30 13:27:05 [WARN] [4013501] [4013508] [data_processor.cpp:42] Can't find the db, the path is /mnt/data01/zmz/workspace/12agent/waic/build/apply_mix/operators/apply_mix/msprof_output/PROF_GROUP_20260630_132652/PROF_ArithmeticUtilization/PROF_000001_20260630132702305_04013234EDPQHOQP/device_6/sqlite/hccl_single_device.db.
2026-06-30 13:27:05 [WARN] [4013501] [4013508] [data_processor.cpp:42] Can't find the db, the path is /mnt/data01/zmz/workspace/12agent/waic/build/apply_mix/operators/apply_mix/msprof_output/PROF_GROUP_20260630_132652/PROF_ArithmeticUtilization/PROF_000001_20260630132702305_04013234EDPQHOQP/device_6/sqlite/hccl_single_device.db.
2026-06-30 13:27:05 [INFO] [4013501] [4013508] [data_processor.h:80] Save KFC_COMM data into dataInventory
2026-06-30 13:27:05 [WARN] [4013501] [4013508] [data_processor.h:82] KFC_COMM no data to inject to dataInventory
2026-06-30 13:27:05 [INFO] [4013501] [4013508] [data_processor.h:80] Save KFC_COMM data into dataInventory
2026-06-30 13:27:05 [WARN] [4013501] [4013508] [data_processor.h:82] KFC_COMM no data to inject to dataInventory
2026-06-30 13:27:05 [INFO] [4013501] [4013508] [data_processor.cpp:31] NETDEV_STATS Run. Dir is /mnt/data01/zmz/workspace/12agent/waic/build/apply_mix/operators/apply_mix/msprof_output/PROF_GROUP_20260630_132652/PROF_ArithmeticUtilization/PROF_000001_20260630132702305_04013234EDPQHOQP
2026-06-30 13:27:05 [WARN] [4013501] [4013506] [data_processor.cpp:54] Check MemcpyInfo not exists
2026-06-30 13:27:05 [INFO] [4013501] [4013506] [data_processor.cpp:31] NETWORK_USAGE Run. Dir is /mnt/data01/zmz/workspace/12agent/waic/build/apply_mix/operators/apply_mix/msprof_output/PROF_GROUP_20260630_132652/PROF_ArithmeticUtilization/PROF_000001_20260630132702305_04013234EDPQHOQP
2026-06-30 13:27:05 [WARN] [4013501] [4013509] [data_processor.cpp:42] Can't find the db, the path is /mnt/data01/zmz/workspace/12agent/waic/build/apply_mix/operators/apply_mix/msprof_output/PROF_GROUP_20260630_132652/PROF_ArithmeticUtilization/PROF_000001_20260630132702305_04013234EDPQHOQP/host/sqlite/host_mem_usage.db.
2026-06-30 13:27:05 [INFO] [4013501] [4013506] [host_usage_processor.cpp:27] Start process NETWORK_USAGE.
2026-06-30 13:27:05 [INFO] [4013501] [4013509] [data_processor.cpp:31] NIC Run. Dir is /mnt/data01/zmz/workspace/12agent/waic/build/apply_mix/operators/apply_mix/msprof_output/PROF_GROUP_20260630_132652/PROF_ArithmeticUtilization/PROF_000001_20260630132702305_04013234EDPQHOQP
2026-06-30 13:27:05 [WARN] [4013501] [4013510] [data_processor.cpp:42] Can't find the db, the path is /mnt/data01/zmz/workspace/12agent/waic/build/apply_mix/operators/apply_mix/msprof_output/PROF_GROUP_20260630_132652/PROF_ArithmeticUtilization/PROF_000001_20260630132702305_04013234EDPQHOQP/device_6/sqlite/ddr.db.
2026-06-30 13:27:05 [INFO] [4013501] [4013510] [data_processor.h:80] Save DDR data into dataInventory
2026-06-30 13:27:05 [WARN] [4013501] [4013510] [data_processor.h:82] DDR no data to inject to dataInventory
2026-06-30 13:27:05 [INFO] [4013501] [4013510] [data_processor.cpp:31] NPU_MEM Run. Dir is /mnt/data01/zmz/workspace/12agent/waic/build/apply_mix/operators/apply_mix/msprof_output/PROF_GROUP_20260630_132652/PROF_ArithmeticUtilization/PROF_000001_20260630132702305_04013234EDPQHOQP
2026-06-30 13:27:05 [WARN] [4013501] [4013507] [data_processor.cpp:42] Can't find the db, the path is /mnt/data01/zmz/workspace/12agent/waic/build/apply_mix/operators/apply_mix/msprof_output/PROF_GROUP_20260630_132652/PROF_ArithmeticUtilization/PROF_000001_20260630132702305_04013234EDPQHOQP/device_6/sqlite/kfc_info.db.
2026-06-30 13:27:05 [WARN] [4013501] [4013507] [data_processor.cpp:42] Can't find the db, the path is /mnt/data01/zmz/workspace/12agent/waic/build/apply_mix/operators/apply_mix/msprof_output/PROF_GROUP_20260630_132652/PROF_ArithmeticUtilization/PROF_000001_20260630132702305_04013234EDPQHOQP/device_6/sqlite/kfc_info.db.
2026-06-30 13:27:05 [WARN] [4013501] [4013508] [data_processor.cpp:42] Can't find the db, the path is /mnt/data01/zmz/workspace/12agent/waic/build/apply_mix/operators/apply_mix/msprof_output/PROF_GROUP_20260630_132652/PROF_ArithmeticUtilization/PROF_000001_20260630132702305_04013234EDPQHOQP/device_6/sqlite/netdev_stats.db.
2026-06-30 13:27:05 [INFO] [4013501] [4013507] [data_processor.h:80] Save KFC_TASK data into dataInventory
2026-06-30 13:27:05 [INFO] [4013501] [4013508] [data_processor.h:80] Save NETDEV_STATS data into dataInventory
2026-06-30 13:27:05 [WARN] [4013501] [4013507] [data_processor.h:82] KFC_TASK no data to inject to dataInventory
2026-06-30 13:27:05 [WARN] [4013501] [4013508] [data_processor.h:82] NETDEV_STATS no data to inject to dataInventory
2026-06-30 13:27:05 [INFO] [4013501] [4013507] [data_processor.cpp:31] NPU_MODULE_MEM Run. Dir is /mnt/data01/zmz/workspace/12agent/waic/build/apply_mix/operators/apply_mix/msprof_output/PROF_GROUP_20260630_132652/PROF_ArithmeticUtilization/PROF_000001_20260630132702305_04013234EDPQHOQP
2026-06-30 13:27:05 [INFO] [4013501] [4013508] [data_processor.cpp:31] NPU_OP_MEM Run. Dir is /mnt/data01/zmz/workspace/12agent/waic/build/apply_mix/operators/apply_mix/msprof_output/PROF_GROUP_20260630_132652/PROF_ArithmeticUtilization/PROF_000001_20260630132702305_04013234EDPQHOQP
2026-06-30 13:27:05 [WARN] [4013501] [4013511] [data_processor.cpp:54] Check StepTrace not exists
2026-06-30 13:27:05 [WARN] [4013501] [4013508] [data_processor.cpp:42] Can't find the db, the path is /mnt/data01/zmz/workspace/12agent/waic/build/apply_mix/operators/apply_mix/msprof_output/PROF_GROUP_20260630_132652/PROF_ArithmeticUtilization/PROF_000001_20260630132702305_04013234EDPQHOQP/host/sqlite/task_memory.db.
2026-06-30 13:27:05 [INFO] [4013501] [4013511] [data_processor.h:80] Save TASK data into dataInventory
2026-06-30 13:27:05 [INFO] [4013501] [4013508] [data_processor.cpp:31] OP_STATISTIC Run. Dir is /mnt/data01/zmz/workspace/12agent/waic/build/apply_mix/operators/apply_mix/msprof_output/PROF_GROUP_20260630_132652/PROF_ArithmeticUtilization/PROF_000001_20260630132702305_04013234EDPQHOQP
2026-06-30 13:27:05 [WARN] [4013501] [4013511] [data_processor.h:82] TASK no data to inject to dataInventory
2026-06-30 13:27:05 [INFO] [4013501] [4013511] [data_processor.cpp:31] OSRT_API Run. Dir is /mnt/data01/zmz/workspace/12agent/waic/build/apply_mix/operators/apply_mix/msprof_output/PROF_GROUP_20260630_132652/PROF_ArithmeticUtilization/PROF_000001_20260630132702305_04013234EDPQHOQP
2026-06-30 13:27:05 [WARN] [4013501] [4013508] [data_processor.cpp:42] Can't find the db, the path is /mnt/data01/zmz/workspace/12agent/waic/build/apply_mix/operators/apply_mix/msprof_output/PROF_GROUP_20260630_132652/PROF_ArithmeticUtilization/PROF_000001_20260630132702305_04013234EDPQHOQP/device_6/sqlite/op_counter.db.
2026-06-30 13:27:05 [INFO] [4013501] [4013511] [host_usage_processor.cpp:27] Start process OSRT_API.
2026-06-30 13:27:05 [INFO] [4013501] [4013508] [data_processor.h:80] Save OP_STATISTIC data into dataInventory
2026-06-30 13:27:05 [WARN] [4013501] [4013504] [data_processor.cpp:42] Can't find the db, the path is /mnt/data01/zmz/workspace/12agent/waic/build/apply_mix/operators/apply_mix/msprof_output/PROF_GROUP_20260630_132652/PROF_ArithmeticUtilization/PROF_000001_20260630132702305_04013234EDPQHOQP/device_6/sqlite/llc.db.
2026-06-30 13:27:05 [WARN] [4013501] [4013508] [data_processor.h:82] OP_STATISTIC no data to inject to dataInventory
2026-06-30 13:27:05 [INFO] [4013501] [4013504] [data_processor.h:80] Save LLC data into dataInventory
2026-06-30 13:27:05 [INFO] [4013501] [4013503] [data_processor.cpp:58] Check /mnt/data01/zmz/workspace/12agent/waic/build/apply_mix/operators/apply_mix/msprof_output/PROF_GROUP_20260630_132652/PROF_ArithmeticUtilization/PROF_000001_20260630132702305_04013234EDPQHOQP/device_6/sqlite/freq.db and FreqParse success.
2026-06-30 13:27:05 [INFO] [4013501] [4013505] [data_processor.h:68] There are 20 records before API data filtering, filterTime is 1782826022554975000.
2026-06-30 13:27:05 [INFO] [4013501] [4013503] [aicore_freq_processor.cpp:100] AicoreFreqProcessor GetData, dir is /mnt/data01/zmz/workspace/12agent/waic/build/apply_mix/operators/apply_mix/msprof_output/PROF_GROUP_20260630_132652/PROF_ArithmeticUtilization/PROF_000001_20260630132702305_04013234EDPQHOQP/device_6/sqlite/freq.db
2026-06-30 13:27:05 [INFO] [4013501] [4013505] [data_processor.h:73] There are 20 records after API data filtering.
2026-06-30 13:27:05 [WARN] [4013501] [4013509] [data_processor.cpp:42] Can't find the db, the path is /mnt/data01/zmz/workspace/12agent/waic/build/apply_mix/operators/apply_mix/msprof_output/PROF_GROUP_20260630_132652/PROF_ArithmeticUtilization/PROF_000001_20260630132702305_04013234EDPQHOQP/device_6/sqlite/nic.db.
2026-06-30 13:27:05 [INFO] [4013501] [4013508] [data_processor.cpp:31] PCIE Run. Dir is /mnt/data01/zmz/workspace/12agent/waic/build/apply_mix/operators/apply_mix/msprof_output/PROF_GROUP_20260630_132652/PROF_ArithmeticUtilization/PROF_000001_20260630132702305_04013234EDPQHOQP
2026-06-30 13:27:05 [WARN] [4013501] [4013509] [data_processor.cpp:42] Can't find the db, the path is /mnt/data01/zmz/workspace/12agent/waic/build/apply_mix/operators/apply_mix/msprof_output/PROF_GROUP_20260630_132652/PROF_ArithmeticUtilization/PROF_000001_20260630132702305_04013234EDPQHOQP/device_6/sqlite/nic.db.
2026-06-30 13:27:05 [WARN] [4013501] [4013504] [data_processor.h:82] LLC no data to inject to dataInventory
2026-06-30 13:27:05 [INFO] [4013501] [4013503] [db_runner.h:79] Start query data
2026-06-30 13:27:05 [INFO] [4013501] [4013504] [data_processor.h:80] Save LLC data into dataInventory
2026-06-30 13:27:05 [WARN] [4013501] [4013502] [data_processor.cpp:42] Can't find the db, the path is /mnt/data01/zmz/workspace/12agent/waic/build/apply_mix/operators/apply_mix/msprof_output/PROF_GROUP_20260630_132652/PROF_ArithmeticUtilization/PROF_000001_20260630132702305_04013234EDPQHOQP/host/sqlite/msproftx.db.
2026-06-30 13:27:05 [WARN] [4013501] [4013504] [data_processor.h:82] LLC no data to inject to dataInventory
2026-06-30 13:27:05 [INFO] [4013501] [4013508] [pcie_processor.cpp:51] PCIeProcessor Process, dir is /mnt/data01/zmz/workspace/12agent/waic/build/apply_mix/operators/apply_mix/msprof_output/PROF_GROUP_20260630_132652/PROF_ArithmeticUtilization/PROF_000001_20260630132702305_04013234EDPQHOQP
2026-06-30 13:27:05 [WARN] [4013501] [4013502] [data_processor.cpp:42] Can't find the db, the path is /mnt/data01/zmz/workspace/12agent/waic/build/apply_mix/operators/apply_mix/msprof_output/PROF_GROUP_20260630_132652/PROF_ArithmeticUtilization/PROF_000001_20260630132702305_04013234EDPQHOQP/host/sqlite/msproftx.db.
2026-06-30 13:27:05 [INFO] [4013501] [4013504] [data_processor.cpp:31] QOS Run. Dir is /mnt/data01/zmz/workspace/12agent/waic/build/apply_mix/operators/apply_mix/msprof_output/PROF_GROUP_20260630_132652/PROF_ArithmeticUtilization/PROF_000001_20260630132702305_04013234EDPQHOQP
2026-06-30 13:27:05 [WARN] [4013501] [4013502] [msproftx_host_processor.cpp:83] msprofTx in /mnt/data01/zmz/workspace/12agent/waic/build/apply_mix/operators/apply_mix/msprof_output/PROF_GROUP_20260630_132652/PROF_ArithmeticUtilization/PROF_000001_20260630132702305_04013234EDPQHOQP is not exists, return
2026-06-30 13:27:05 [WARN] [4013501] [4013506] [data_processor.cpp:42] Can't find the db, the path is /mnt/data01/zmz/workspace/12agent/waic/build/apply_mix/operators/apply_mix/msprof_output/PROF_GROUP_20260630_132652/PROF_ArithmeticUtilization/PROF_000001_20260630132702305_04013234EDPQHOQP/host/sqlite/host_network_usage.db.
2026-06-30 13:27:05 [INFO] [4013501] [4013505] [data_processor.h:80] Save API data into dataInventory
2026-06-30 13:27:05 [INFO] [4013501] [4013509] [data_processor.cpp:31] PMU Run. Dir is /mnt/data01/zmz/workspace/12agent/waic/build/apply_mix/operators/apply_mix/msprof_output/PROF_GROUP_20260630_132652/PROF_ArithmeticUtilization/PROF_000001_20260630132702305_04013234EDPQHOQP
2026-06-30 13:27:05 [INFO] [4013501] [4013502] [data_processor.cpp:31] ROCE Run. Dir is /mnt/data01/zmz/workspace/12agent/waic/build/apply_mix/operators/apply_mix/msprof_output/PROF_GROUP_20260630_132652/PROF_ArithmeticUtilization/PROF_000001_20260630132702305_04013234EDPQHOQP
2026-06-30 13:27:05 [INFO] [4013501] [4013505] [data_processor.cpp:31] SOC Run. Dir is /mnt/data01/zmz/workspace/12agent/waic/build/apply_mix/operators/apply_mix/msprof_output/PROF_GROUP_20260630_132652/PROF_ArithmeticUtilization/PROF_000001_20260630132702305_04013234EDPQHOQP
2026-06-30 13:27:05 [INFO] [4013501] [4013506] [data_processor.cpp:31] SIO Run. Dir is /mnt/data01/zmz/workspace/12agent/waic/build/apply_mix/operators/apply_mix/msprof_output/PROF_GROUP_20260630_132652/PROF_ArithmeticUtilization/PROF_000001_20260630132702305_04013234EDPQHOQP
2026-06-30 13:27:05 [INFO] [4013501] [4013503] [db_runner.h:90] Query data success: SELECT syscnt, freq FROM FreqParse
2026-06-30 13:27:05 [INFO] [4013501] [4013503] [aicore_freq_processor.cpp:119] AicoreFreqProcessor FormatData.
2026-06-30 13:27:05 [WARN] [4013501] [4013511] [data_processor.cpp:42] Can't find the db, the path is /mnt/data01/zmz/workspace/12agent/waic/build/apply_mix/operators/apply_mix/msprof_output/PROF_GROUP_20260630_132652/PROF_ArithmeticUtilization/PROF_000001_20260630132702305_04013234EDPQHOQP/host/sqlite/host_runtime_api.db.
2026-06-30 13:27:05 [INFO] [4013501] [4013511] [data_processor.cpp:31] STEP_TRACE Run. Dir is /mnt/data01/zmz/workspace/12agent/waic/build/apply_mix/operators/apply_mix/msprof_output/PROF_GROUP_20260630_132652/PROF_ArithmeticUtilization/PROF_000001_20260630132702305_04013234EDPQHOQP
2026-06-30 13:27:05 [INFO] [4013501] [4013509] [metric_processor.cpp:86] TaskBasedProcess, dir is /mnt/data01/zmz/workspace/12agent/waic/build/apply_mix/operators/apply_mix/msprof_output/PROF_GROUP_20260630_132652/PROF_ArithmeticUtilization/PROF_000001_20260630132702305_04013234EDPQHOQP
2026-06-30 13:27:05 [WARN] [4013501] [4013507] [data_processor.cpp:42] Can't find the db, the path is /mnt/data01/zmz/workspace/12agent/waic/build/apply_mix/operators/apply_mix/msprof_output/PROF_GROUP_20260630_132652/PROF_ArithmeticUtilization/PROF_000001_20260630132702305_04013234EDPQHOQP/device_6/sqlite/npu_module_mem.db.
2026-06-30 13:27:05 [WARN] [4013501] [4013504] [data_processor.cpp:42] Can't find the db, the path is /mnt/data01/zmz/workspace/12agent/waic/build/apply_mix/operators/apply_mix/msprof_output/PROF_GROUP_20260630_132652/PROF_ArithmeticUtilization/PROF_000001_20260630132702305_04013234EDPQHOQP/device_6/sqlite/qos.db.
2026-06-30 13:27:05 [WARN] [4013501] [4013510] [data_processor.cpp:42] Can't find the db, the path is /mnt/data01/zmz/workspace/12agent/waic/build/apply_mix/operators/apply_mix/msprof_output/PROF_GROUP_20260630_132652/PROF_ArithmeticUtilization/PROF_000001_20260630132702305_04013234EDPQHOQP/device_6/sqlite/npu_mem.db.
2026-06-30 13:27:05 [INFO] [4013501] [4013507] [data_processor.h:80] Save NPU_MODULE_MEM data into dataInventory
2026-06-30 13:27:05 [INFO] [4013501] [4013510] [data_processor.h:80] Save NPU_MEM data into dataInventory
2026-06-30 13:27:05 [WARN] [4013501] [4013507] [data_processor.h:82] NPU_MODULE_MEM no data to inject to dataInventory
2026-06-30 13:27:05 [WARN] [4013501] [4013509] [data_processor.cpp:42] Can't find the db, the path is /mnt/data01/zmz/workspace/12agent/waic/build/apply_mix/operators/apply_mix/msprof_output/PROF_GROUP_20260630_132652/PROF_ArithmeticUtilization/PROF_000001_20260630132702305_04013234EDPQHOQP/device_6/sqlite/metric_summary.db.
2026-06-30 13:27:05 [INFO] [4013501] [4013504] [data_processor.h:80] Save QOS data into dataInventory
2026-06-30 13:27:05 [WARN] [4013501] [4013506] [data_processor.cpp:42] Can't find the db, the path is /mnt/data01/zmz/workspace/12agent/waic/build/apply_mix/operators/apply_mix/msprof_output/PROF_GROUP_20260630_132652/PROF_ArithmeticUtilization/PROF_000001_20260630132702305_04013234EDPQHOQP/device_6/sqlite/sio.db.
2026-06-30 13:27:05 [WARN] [4013501] [4013510] [data_processor.h:82] NPU_MEM no data to inject to dataInventory
2026-06-30 13:27:05 [INFO] [4013501] [4013509] [metric_processor.cpp:114] There is no db to export, prof path is /mnt/data01/zmz/workspace/12agent/waic/build/apply_mix/operators/apply_mix/msprof_output/PROF_GROUP_20260630_132652/PROF_ArithmeticUtilization/PROF_000001_20260630132702305_04013234EDPQHOQP.
2026-06-30 13:27:05 [WARN] [4013501] [4013504] [data_processor.h:82] QOS no data to inject to dataInventory
2026-06-30 13:27:05 [WARN] [4013501] [4013502] [data_processor.cpp:42] Can't find the db, the path is /mnt/data01/zmz/workspace/12agent/waic/build/apply_mix/operators/apply_mix/msprof_output/PROF_GROUP_20260630_132652/PROF_ArithmeticUtilization/PROF_000001_20260630132702305_04013234EDPQHOQP/device_6/sqlite/roce.db.
2026-06-30 13:27:05 [INFO] [4013501] [4013507] [data_processor.cpp:31] TASK Run. Dir is /mnt/data01/zmz/workspace/12agent/waic/build/apply_mix/operators/apply_mix/msprof_output/PROF_GROUP_20260630_132652/PROF_ArithmeticUtilization/PROF_000001_20260630132702305_04013234EDPQHOQP
2026-06-30 13:27:05 [WARN] [4013501] [4013502] [data_processor.cpp:42] Can't find the db, the path is /mnt/data01/zmz/workspace/12agent/waic/build/apply_mix/operators/apply_mix/msprof_output/PROF_GROUP_20260630_132652/PROF_ArithmeticUtilization/PROF_000001_20260630132702305_04013234EDPQHOQP/device_6/sqlite/roce.db.
2026-06-30 13:27:05 [WARN] [4013501] [4013505] [data_processor.cpp:42] Can't find the db, the path is /mnt/data01/zmz/workspace/12agent/waic/build/apply_mix/operators/apply_mix/msprof_output/PROF_GROUP_20260630_132652/PROF_ArithmeticUtilization/PROF_000001_20260630132702305_04013234EDPQHOQP/device_6/sqlite/soc_profiler.db.
2026-06-30 13:27:05 [INFO] [4013501] [4013506] [data_processor.h:80] Save SIO data into dataInventory
2026-06-30 13:27:05 [INFO] [4013501] [4013510] [data_processor.cpp:31] UNIFIED_PMU Run. Dir is /mnt/data01/zmz/workspace/12agent/waic/build/apply_mix/operators/apply_mix/msprof_output/PROF_GROUP_20260630_132652/PROF_ArithmeticUtilization/PROF_000001_20260630132702305_04013234EDPQHOQP
2026-06-30 13:27:05 [INFO] [4013501] [4013503] [data_processor.h:80] Save AICORE_FREQ data into dataInventory
2026-06-30 13:27:05 [INFO] [4013501] [4013505] [data_processor.h:80] Save SOC data into dataInventory
2026-06-30 13:27:05 [WARN] [4013501] [4013506] [data_processor.h:82] SIO no data to inject to dataInventory
2026-06-30 13:27:05 [WARN] [4013501] [4013505] [data_processor.h:82] SOC no data to inject to dataInventory
2026-06-30 13:27:05 [INFO] [4013501] [4013507] [data_processor.cpp:58] Check /mnt/data01/zmz/workspace/12agent/waic/build/apply_mix/operators/apply_mix/msprof_output/PROF_GROUP_20260630_132652/PROF_ArithmeticUtilization/PROF_000001_20260630132702305_04013234EDPQHOQP/device_6/sqlite/ascend_task.db and AscendTask success.
2026-06-30 13:27:05 [WARN] [4013501] [4013508] [data_processor.cpp:42] Can't find the db, the path is /mnt/data01/zmz/workspace/12agent/waic/build/apply_mix/operators/apply_mix/msprof_output/PROF_GROUP_20260630_132652/PROF_ArithmeticUtilization/PROF_000001_20260630132702305_04013234EDPQHOQP/device_6/sqlite/pcie.db.
2026-06-30 13:27:05 [INFO] [4013501] [4013508] [data_processor.h:80] Save PCIE data into dataInventory
2026-06-30 13:27:05 [WARN] [4013501] [4013508] [data_processor.h:82] PCIE no data to inject to dataInventory
2026-06-30 13:27:05 [WARN] [4013501] [4013511] [data_processor.cpp:42] Can't find the db, the path is /mnt/data01/zmz/workspace/12agent/waic/build/apply_mix/operators/apply_mix/msprof_output/PROF_GROUP_20260630_132652/PROF_ArithmeticUtilization/PROF_000001_20260630132702305_04013234EDPQHOQP/device_6/sqlite/trace.db.
2026-06-30 13:27:05 [INFO] [4013501] [4013511] [data_processor.h:68] There are 0 records before STEP_TRACE data filtering, filterTime is 1782826022558026000.
2026-06-30 13:27:05 [INFO] [4013501] [4013511] [data_processor.h:73] There are 0 records after STEP_TRACE data filtering.
2026-06-30 13:27:05 [INFO] [4013501] [4013507] [db_runner.h:79] Start query data
2026-06-30 13:27:05 [INFO] [4013501] [4013510] [unified_pmu_processor.cpp:85] TaskBasedProcess, dir is /mnt/data01/zmz/workspace/12agent/waic/build/apply_mix/operators/apply_mix/msprof_output/PROF_GROUP_20260630_132652/PROF_ArithmeticUtilization/PROF_000001_20260630132702305_04013234EDPQHOQP
2026-06-30 13:27:05 [WARN] [4013501] [4013510] [data_processor.cpp:42] Can't find the db, the path is /mnt/data01/zmz/workspace/12agent/waic/build/apply_mix/operators/apply_mix/msprof_output/PROF_GROUP_20260630_132652/PROF_ArithmeticUtilization/PROF_000001_20260630132702305_04013234EDPQHOQP/device_6/sqlite/metric_summary.db.
2026-06-30 13:27:05 [INFO] [4013501] [4013510] [unified_pmu_processor.cpp:110] There is no db to export, prof path is /mnt/data01/zmz/workspace/12agent/waic/build/apply_mix/operators/apply_mix/msprof_output/PROF_GROUP_20260630_132652/PROF_ArithmeticUtilization/PROF_000001_20260630132702305_04013234EDPQHOQP.
2026-06-30 13:27:05 [WARN] [4013501] [4013511] [data_processor.cpp:42] Can't find the db, the path is /mnt/data01/zmz/workspace/12agent/waic/build/apply_mix/operators/apply_mix/msprof_output/PROF_GROUP_20260630_132652/PROF_ArithmeticUtilization/PROF_000001_20260630132702305_04013234EDPQHOQP/device_6/sqlite/trace.db.
2026-06-30 13:27:05 [INFO] [4013501] [4013507] [db_runner.h:90] Query data success: SELECT a.start_time, a.duration, a.model_id, a.index_id, a.stream_id, a.task_id, a.context_id,a.batch_id, a.connection_id, a.host_task_type, a.device_task_type FROM AscendTask a WHERE a.device_task_type != 'UNKNOWN'
2026-06-30 13:27:05 [INFO] [4013501] [4013511] [data_processor.h:68] There are 0 records before STEP_TRACE data filtering, filterTime is 1782826022558026000.
2026-06-30 13:27:05 [INFO] [4013501] [4013511] [data_processor.h:73] There are 0 records after STEP_TRACE data filtering.
2026-06-30 13:27:05 [WARN] [4013501] [4013511] [data_processor.cpp:42] Can't find the db, the path is /mnt/data01/zmz/workspace/12agent/waic/build/apply_mix/operators/apply_mix/msprof_output/PROF_GROUP_20260630_132652/PROF_ArithmeticUtilization/PROF_000001_20260630132702305_04013234EDPQHOQP/device_6/sqlite/trace.db.
2026-06-30 13:27:05 [INFO] [4013501] [4013511] [data_processor.h:68] There are 0 records before STEP_TRACE data filtering, filterTime is 1782826022558026000.
2026-06-30 13:27:05 [INFO] [4013501] [4013511] [data_processor.h:73] There are 0 records after STEP_TRACE data filtering.
2026-06-30 13:27:05 [INFO] [4013501] [4013511] [data_processor.h:80] Save STEP_TRACE data into dataInventory
2026-06-30 13:27:05 [WARN] [4013501] [4013511] [data_processor.h:82] STEP_TRACE no data to inject to dataInventory
2026-06-30 13:27:05 [INFO] [4013501] [4013511] [data_processor.h:80] Save STEP_TRACE data into dataInventory
2026-06-30 13:27:05 [WARN] [4013501] [4013511] [data_processor.h:82] STEP_TRACE no data to inject to dataInventory
2026-06-30 13:27:05 [INFO] [4013501] [4013511] [data_processor.h:80] Save STEP_TRACE data into dataInventory
2026-06-30 13:27:05 [WARN] [4013501] [4013511] [data_processor.h:82] STEP_TRACE no data to inject to dataInventory
2026-06-30 13:27:05 [INFO] [4013501] [4013507] [data_processor.h:68] There are 3 records before TASK data filtering, filterTime is 1782826022558026000.
2026-06-30 13:27:05 [INFO] [4013501] [4013507] [data_processor.h:73] There are 3 records after TASK data filtering.
2026-06-30 13:27:05 [INFO] [4013501] [4013507] [data_processor.h:80] Save TASK data into dataInventory
2026-06-30 13:27:05 [INFO] [4013501] [4013514] [summary_manager.cpp:58] Start exporting summary!
2026-06-30 13:27:05 [INFO] [4013501] [4013512] [db_assembler.cpp:1235] Start exporting db!
2026-06-30 13:27:05 [INFO] [4013501] [4013515] [summary_assembler.h:37] Begin to Assemble OP_SUMMARY data
2026-06-30 13:27:05 [INFO] [4013501] [4013516] [summary_assembler.h:37] Begin to Assemble COMMUNICATION_STATISTIC data
2026-06-30 13:27:05 [INFO] [4013501] [4013517] [summary_assembler.h:37] Begin to Assemble OP_STATISTIC data
2026-06-30 13:27:05 [WARN] [4013501] [4013515] [op_summary_assembler.cpp:274] No data to export op summary
2026-06-30 13:27:05 [INFO] [4013501] [4013519] [summary_assembler.h:37] Begin to Assemble NPU_MEM data
2026-06-30 13:27:05 [WARN] [4013501] [4013515] [summary_assembler.h:43] No need to Export OP_SUMMARY data
2026-06-30 13:27:05 [INFO] [4013501] [4013518] [summary_assembler.h:37] Begin to Assemble NPU_MODULE_MEM data
2026-06-30 13:27:05 [INFO] [4013501] [4013515] [summary_assembler.h:37] Begin to Assemble API data
2026-06-30 13:27:05 [WARN] [4013501] [4013518] [npu_module_mem_assembler.cpp:45] No data to export npu module memory summary
2026-06-30 13:27:05 [WARN] [4013501] [4013519] [npu_memory_assembler.cpp:36] No data to export npu memory summary
2026-06-30 13:27:05 [WARN] [4013501] [4013518] [summary_assembler.h:43] No need to Export NPU_MODULE_MEM data
2026-06-30 13:27:05 [WARN] [4013501] [4013519] [summary_assembler.h:43] No need to Export NPU_MEM data
2026-06-30 13:27:05 [INFO] [4013501] [4013512] [db_assembler.cpp:1168] Find completed msprof db, /mnt/data01/zmz/workspace/12agent/waic/build/apply_mix/operators/apply_mix/msprof_output/PROF_GROUP_20260630_132652/PROF_ArithmeticUtilization/PROF_000001_20260630132702305_04013234EDPQHOQP/msprof_20260630132704.db.
2026-06-30 13:27:05 [INFO] [4013501] [4013518] [summary_assembler.h:37] Begin to Assemble FUSION_OP data
2026-06-30 13:27:05 [INFO] [4013501] [4013519] [summary_assembler.h:37] Begin to Assemble TASK_TIME_SUMMARY data
2026-06-30 13:27:05 [WARN] [4013501] [4013518] [fusion_op_assembler.cpp:72] fusion op data not exist.
2026-06-30 13:27:05 [WARN] [4013501] [4013519] [task_time_assembler.cpp:47] No ge data collected, maybe the TaskInfo table is not created, now try to export data with no ge data
2026-06-30 13:27:05 [WARN] [4013501] [4013518] [summary_assembler.h:43] No need to Export FUSION_OP data
2026-06-30 13:27:05 [INFO] [4013501] [4013518] [summary_assembler.h:37] Begin to Assemble STEP_TRACE data
2026-06-30 13:27:05 [WARN] [4013501] [4013518] [summary_step_trace_assembler.cpp:63] trainTraceData not exists, can't export step trace data.
2026-06-30 13:27:05 [WARN] [4013501] [4013518] [summary_assembler.h:43] No need to Export STEP_TRACE data
2026-06-30 13:27:05 [INFO] [4013501] [4013519] [csv_writer.cpp:81] Start dump /mnt/data01/zmz/workspace/12agent/waic/build/apply_mix/operators/apply_mix/msprof_output/PROF_GROUP_20260630_132652/PROF_ArithmeticUtilization/PROF_000001_20260630132702305_04013234EDPQHOQP/mindstudio_profiler_output/task_time.csv, timestamp is 20260630132705.
2026-06-30 13:27:05 [INFO] [4013501] [4013515] [csv_writer.cpp:81] Start dump /mnt/data01/zmz/workspace/12agent/waic/build/apply_mix/operators/apply_mix/msprof_output/PROF_GROUP_20260630_132652/PROF_ArithmeticUtilization/PROF_000001_20260630132702305_04013234EDPQHOQP/mindstudio_profiler_output/api_statistic.csv, timestamp is 20260630132705.
2026-06-30 13:27:05 [INFO] [4013501] [4013519] [file.cpp:399] The file not exists: /mnt/data01/zmz/workspace/12agent/waic/build/apply_mix/operators/apply_mix/msprof_output/PROF_GROUP_20260630_132652/PROF_ArithmeticUtilization/PROF_000001_20260630132702305_04013234EDPQHOQP/mindstudio_profiler_output/task_time_20260630132705.csv.
2026-06-30 13:27:05 [WARN] [4013501] [4013516] [comm_statistic_assembler.cpp:60] Communication Statistic data not exist.
2026-06-30 13:27:05 [INFO] [4013501] [4013515] [file.cpp:399] The file not exists: /mnt/data01/zmz/workspace/12agent/waic/build/apply_mix/operators/apply_mix/msprof_output/PROF_GROUP_20260630_132652/PROF_ArithmeticUtilization/PROF_000001_20260630132702305_04013234EDPQHOQP/mindstudio_profiler_output/api_statistic_20260630132705.csv.
2026-06-30 13:27:05 [WARN] [4013501] [4013516] [summary_assembler.h:43] No need to Export COMMUNICATION_STATISTIC data
2026-06-30 13:27:05 [WARN] [4013501] [4013517] [op_statistic_assembler.cpp:60] Op Statistic data not exist.
2026-06-30 13:27:05 [WARN] [4013501] [4013517] [summary_assembler.h:43] No need to Export OP_STATISTIC data
2026-06-30 13:27:05 [INFO] [4013501] [4013519] [csv_writer.cpp:88] Generate /mnt/data01/zmz/workspace/12agent/waic/build/apply_mix/operators/apply_mix/msprof_output/PROF_GROUP_20260630_132652/PROF_ArithmeticUtilization/PROF_000001_20260630132702305_04013234EDPQHOQP/mindstudio_profiler_output/task_time.csv finished, timestamp is 20260630132705.
2026-06-30 13:27:05 [INFO] [4013501] [4013519] [summary_assembler.h:40] Assemble and export TASK_TIME_SUMMARY data success
2026-06-30 13:27:05 [INFO] [4013501] [4013515] [csv_writer.cpp:88] Generate /mnt/data01/zmz/workspace/12agent/waic/build/apply_mix/operators/apply_mix/msprof_output/PROF_GROUP_20260630_132652/PROF_ArithmeticUtilization/PROF_000001_20260630132702305_04013234EDPQHOQP/mindstudio_profiler_output/api_statistic.csv finished, timestamp is 20260630132705.
2026-06-30 13:27:05 [INFO] [4013501] [4013515] [summary_assembler.h:40] Assemble and export API data success
