[INFO] Start profiling....
Operator: head_compute_mix_fwd
Shape: [16, 16384, 4], dim0=1048576
mhc_scale=-1.029297, mhc_pre_eps=0.010000
Available cores: 48
Tiling: coreNum=48, blockFormer=22016, blockNum=48, blockTail=13824
Tiling: ubFormer=9728, ubLoopF=3, ubTailF=2560, ubLoopT=2, ubTailT=4096
Kernel execution completed successfully.
[INFO] Start export data in PROF_000001_20260701082148931_02323168HQDLJCIB.
Wed 01 Jul 2026 08:21:51 [WARNING] [MSVP] [2323235] msprof_entrance.py: Msprof analysis is parsing data as root, which may cause potential system security risks.
Wed 01 Jul 2026 08:21:51 [INFO] [MSVP] [2323240] msprof_common.py: Start analyzing data in "/mnt/data01/zmz/workspace/12agent/waic/build/head_compute_mix_fwd/operators/head_compute_mix_fwd/docs/perf/round_001/msprof_output/PROF_GROUP_20260701_082111/PROF_ResourceConflictRatio/PROF_000001_20260701082148931_02323168HQDLJCIB/host" ...
Wed 01 Jul 2026 08:21:51 [INFO] [MSVP] [2323240] msprof_common.py: It may take few minutes, please be patient ...
Wed 01 Jul 2026 08:21:51 [INFO] [MSVP] [2323240] msprof_common.py: Analysis data in "/mnt/data01/zmz/workspace/12agent/waic/build/head_compute_mix_fwd/operators/head_compute_mix_fwd/docs/perf/round_001/msprof_output/PROF_GROUP_20260701_082111/PROF_ResourceConflictRatio/PROF_000001_20260701082148931_02323168HQDLJCIB/host" finished.
Wed 01 Jul 2026 08:21:51 [INFO] [MSVP] [2323240] msprof_common.py: Start analyzing data in "/mnt/data01/zmz/workspace/12agent/waic/build/head_compute_mix_fwd/operators/head_compute_mix_fwd/docs/perf/round_001/msprof_output/PROF_GROUP_20260701_082111/PROF_ResourceConflictRatio/PROF_000001_20260701082148931_02323168HQDLJCIB/device_2" ...
Wed 01 Jul 2026 08:21:51 [INFO] [MSVP] [2323240] msprof_common.py: It may take few minutes, please be patient ...
Wed 01 Jul 2026 08:21:51 [INFO] [MSVP] [2323240] msprof_common.py: Analysis data in "/mnt/data01/zmz/workspace/12agent/waic/build/head_compute_mix_fwd/operators/head_compute_mix_fwd/docs/perf/round_001/msprof_output/PROF_GROUP_20260701_082111/PROF_ResourceConflictRatio/PROF_000001_20260701082148931_02323168HQDLJCIB/device_2" finished.
Wed 01 Jul 2026 08:21:51 [INFO] [MSVP] [2323240] msprof_export.py: All collected data will be exported, path is: /mnt/data01/zmz/workspace/12agent/waic/build/head_compute_mix_fwd/operators/head_compute_mix_fwd/docs/perf/round_001/msprof_output/PROF_GROUP_20260701_082111/PROF_ResourceConflictRatio/PROF_000001_20260701082148931_02323168HQDLJCIB/device_2.
Wed 01 Jul 2026 08:21:52 [WARNING] [MSVP] [2323410] msprof_entrance.py: Msprof analysis is parsing data as root, which may cause potential system security risks.
Wed 01 Jul 2026 08:21:52 [INFO] [MSVP] [2323415] msprof_export.py: The data in "/mnt/data01/zmz/workspace/12agent/waic/build/head_compute_mix_fwd/operators/head_compute_mix_fwd/docs/perf/round_001/msprof_output/PROF_GROUP_20260701_082111/PROF_ResourceConflictRatio/PROF_000001_20260701082148931_02323168HQDLJCIB/host" has been analyzed. Parsing phase will be skipped.
Wed 01 Jul 2026 08:21:52 [INFO] [MSVP] [2323415] msprof_export.py: The data in "/mnt/data01/zmz/workspace/12agent/waic/build/head_compute_mix_fwd/operators/head_compute_mix_fwd/docs/perf/round_001/msprof_output/PROF_GROUP_20260701_082111/PROF_ResourceConflictRatio/PROF_000001_20260701082148931_02323168HQDLJCIB/device_2" has been analyzed. Parsing phase will be skipped.
Wed 01 Jul 2026 08:21:52 [INFO] [MSVP] [2323415] msprof_export.py: All collected data will be exported, path is: /mnt/data01/zmz/workspace/12agent/waic/build/head_compute_mix_fwd/operators/head_compute_mix_fwd/docs/perf/round_001/msprof_output/PROF_GROUP_20260701_082111/PROF_ResourceConflictRatio/PROF_000001_20260701082148931_02323168HQDLJCIB/device_2.
Wed 01 Jul 2026 08:21:52 [INFO] [MSVP] [2323415] msprof_export.py: There is no summary data to export for "/mnt/data01/zmz/workspace/12agent/waic/build/head_compute_mix_fwd/operators/head_compute_mix_fwd/docs/perf/round_001/msprof_output/PROF_GROUP_20260701_082111/PROF_ResourceConflictRatio/PROF_000001_20260701082148931_02323168HQDLJCIB/host"
Wed 01 Jul 2026 08:21:52 [INFO] [MSVP] [2323415] msprof_export.py: All collected data will be exported, path is: /mnt/data01/zmz/workspace/12agent/waic/build/head_compute_mix_fwd/operators/head_compute_mix_fwd/docs/perf/round_001/msprof_output/PROF_GROUP_20260701_082111/PROF_ResourceConflictRatio/PROF_000001_20260701082148931_02323168HQDLJCIB/device_2.
Wed 01 Jul 2026 08:21:52 [INFO] [MSVP] [2323415] msprof_export.py: There is no summary data to export for "/mnt/data01/zmz/workspace/12agent/waic/build/head_compute_mix_fwd/operators/head_compute_mix_fwd/docs/perf/round_001/msprof_output/PROF_GROUP_20260701_082111/PROF_ResourceConflictRatio/PROF_000001_20260701082148931_02323168HQDLJCIB/device_2"
Wed 01 Jul 2026 08:21:52 [INFO] [MSVP] [2323415] msprof_common.py: Start exporting summary output_file.
Wed 01 Jul 2026 08:21:52 [INFO] [MSVP] [2323415] msprof_common.py: End exporting summary output_file.The file is stored in the /mnt/data01/zmz/workspace/12agent/waic/build/head_compute_mix_fwd/operators/head_compute_mix_fwd/docs/perf/round_001/msprof_output/PROF_GROUP_20260701_082111/PROF_ResourceConflictRatio/PROF_000001_20260701082148931_02323168HQDLJCIB/mindstudio_profiler_output path.
[INFO] Export all data in PROF_000001_20260701082148931_02323168HQDLJCIB done.
[INFO] Start query data in PROF_000001_20260701082148931_02323168HQDLJCIB.
Wed 01 Jul 2026 08:21:53 [WARNING] [MSVP] [2323459] msprof_entrance.py: Msprof analysis is parsing data as root, which may cause potential system security risks.
Job Info	Device ID	Dir Name	Collection Time           	Model ID	Iteration Number	Top Time Iteration	Rank ID	

NA      	         	host    	2026-07-01 08:21:49.036983	N/A     	N/A             	N/A               	-1     	

NA      	2        	device_2	2026-07-01 08:21:49.040263	N/A     	N/A             	N/A               	-1     	

[INFO] Query all data in PROF_000001_20260701082148931_02323168HQDLJCIB done.
[INFO] Profiling finished.
[INFO] Process profiling data complete. Data is saved in /mnt/data01/zmz/workspace/12agent/waic/build/head_compute_mix_fwd/operators/head_compute_mix_fwd/docs/perf/round_001/msprof_output/PROF_GROUP_20260701_082111/PROF_ResourceConflictRatio/PROF_000001_20260701082148931_02323168HQDLJCIB
