  [engram_fused_weight] Running...
  [engram_hash] Running...
  [engram_gate_fwd] Running...
  [engram_gate_bwd] Running...
  [engram_gate_w_reduce] Running...
  [head_compute_mix_bwd] Running...
  [expand_kenel_bwd] Running...
  [pre_split_mixes] Running...
  [big_fuse] Running...
  [mhc_post] Running...
  [MTPBlock] Running...
  [sparse_attn] Running...


=== Fixed Operator Results ===
  [MTPBlock] geomean=0 status=UNKNOWN
  [big_fuse] geomean=0 status=UNKNOWN
  [engram_fused_weight] geomean=23.696 status=OK
  [engram_gate_bwd] geomean=None status=ERROR
  [engram_gate_fwd] geomean=0 status=UNKNOWN
  [engram_gate_w_reduce] geomean=0 status=UNKNOWN
  [engram_hash] geomean=5.4643 status=OK
  [expand_kenel_bwd] geomean=0 status=UNKNOWN
  [head_compute_mix_bwd] geomean=0.6621 status=OK
  [indexer] geomean=None status=UNKNOWN
  [mhc_post] geomean=0 status=UNKNOWN
  [pre_split_mixes] geomean=0 status=UNKNOWN
  [sparse_attn] geomean=None status=ERROR
    engram_fused_weight: 23.6960x
    engram_hash: 5.4643x
    head_compute_mix_bwd: 0.6621x

Fixed 13 operators, 3 with valid speedup
