2026-07-02 06:34:07 [INFO] [4048185] [4048185] [export_manager.cpp:123] Start to load data!
2026-07-02 06:34:07 [INFO] [4048185] [4048185] [data_processor.cpp:31] HASH_INIT Run. Dir is /mnt/data01/zmz/workspace/12agent/waic/build/engram_gate_w_reduce/operators/engram_gate_w_reduce/msprof_output/PROF_GROUP_20260702_063338/PROF_MemoryUB/PROF_000001_20260702063404004_04047629ACIBPLAP
2026-07-02 06:34:07 [WARN] [4048185] [4048185] [data_processor.cpp:42] Can't find the db, the path is /mnt/data01/zmz/workspace/12agent/waic/build/engram_gate_w_reduce/operators/engram_gate_w_reduce/msprof_output/PROF_GROUP_20260702_063338/PROF_MemoryUB/PROF_000001_20260702063404004_04047629ACIBPLAP/host/sqlite/ge_logic_stream_info.db.
2026-07-02 06:34:07 [INFO] [4048185] [4048185] [hash_init_processor.cpp:59] Init Hash data, dir is /mnt/data01/zmz/workspace/12agent/waic/build/engram_gate_w_reduce/operators/engram_gate_w_reduce/msprof_output/PROF_GROUP_20260702_063338/PROF_MemoryUB/PROF_000001_20260702063404004_04047629ACIBPLAP
2026-07-02 06:34:07 [INFO] [4048185] [4048185] [data_processor.cpp:58] Check /mnt/data01/zmz/workspace/12agent/waic/build/engram_gate_w_reduce/operators/engram_gate_w_reduce/msprof_output/PROF_GROUP_20260702_063338/PROF_MemoryUB/PROF_000001_20260702063404004_04047629ACIBPLAP/host/sqlite/ge_hash.db and GeHashInfo success.
2026-07-02 06:34:07 [INFO] [4048185] [4048185] [db_runner.h:79] Start query data
2026-07-02 06:34:07 [INFO] [4048185] [4048185] [db_runner.h:90] Query data success: SELECT hash_key, hash_value FROM GeHashInfo
2026-07-02 06:34:07 [INFO] [4048185] [4048195] [data_processor.cpp:31] ACC_PMU Run. Dir is /mnt/data01/zmz/workspace/12agent/waic/build/engram_gate_w_reduce/operators/engram_gate_w_reduce/msprof_output/PROF_GROUP_20260702_063338/PROF_MemoryUB/PROF_000001_20260702063404004_04047629ACIBPLAP
2026-07-02 06:34:07 [INFO] [4048185] [4048191] [data_processor.cpp:31] API Run. Dir is /mnt/data01/zmz/workspace/12agent/waic/build/engram_gate_w_reduce/operators/engram_gate_w_reduce/msprof_output/PROF_GROUP_20260702_063338/PROF_MemoryUB/PROF_000001_20260702063404004_04047629ACIBPLAP
2026-07-02 06:34:07 [INFO] [4048185] [4048192] [data_processor.cpp:31] AICORE_FREQ Run. Dir is /mnt/data01/zmz/workspace/12agent/waic/build/engram_gate_w_reduce/operators/engram_gate_w_reduce/msprof_output/PROF_GROUP_20260702_063338/PROF_MemoryUB/PROF_000001_20260702063404004_04047629ACIBPLAP
2026-07-02 06:34:07 [INFO] [4048185] [4048194] [data_processor.cpp:31] COMMUNICATION Run. Dir is /mnt/data01/zmz/workspace/12agent/waic/build/engram_gate_w_reduce/operators/engram_gate_w_reduce/msprof_output/PROF_GROUP_20260702_063338/PROF_MemoryUB/PROF_000001_20260702063404004_04047629ACIBPLAP
2026-07-02 06:34:07 [INFO] [4048185] [4048190] [data_processor.cpp:31] COMMUNICATION_STATISTIC Run. Dir is /mnt/data01/zmz/workspace/12agent/waic/build/engram_gate_w_reduce/operators/engram_gate_w_reduce/msprof_output/PROF_GROUP_20260702_063338/PROF_MemoryUB/PROF_000001_20260702063404004_04047629ACIBPLAP
2026-07-02 06:34:07 [WARN] [4048185] [4048190] [data_processor.cpp:42] Can't find the db, the path is /mnt/data01/zmz/workspace/12agent/waic/build/engram_gate_w_reduce/operators/engram_gate_w_reduce/msprof_output/PROF_GROUP_20260702_063338/PROF_MemoryUB/PROF_000001_20260702063404004_04047629ACIBPLAP/device_3/sqlite/hccl_single_device.db.
2026-07-02 06:34:07 [INFO] [4048185] [4048190] [data_processor.h:80] Save COMMUNICATION_STATISTIC data into dataInventory
2026-07-02 06:34:07 [WARN] [4048185] [4048190] [data_processor.h:82] COMMUNICATION_STATISTIC no data to inject to dataInventory
2026-07-02 06:34:07 [INFO] [4048185] [4048198] [data_processor.cpp:31] COMPUTE_TASK_INFO Run. Dir is /mnt/data01/zmz/workspace/12agent/waic/build/engram_gate_w_reduce/operators/engram_gate_w_reduce/msprof_output/PROF_GROUP_20260702_063338/PROF_MemoryUB/PROF_000001_20260702063404004_04047629ACIBPLAP
2026-07-02 06:34:07 [INFO] [4048185] [4048197] [data_processor.cpp:31] CPU_USAGE Run. Dir is /mnt/data01/zmz/workspace/12agent/waic/build/engram_gate_w_reduce/operators/engram_gate_w_reduce/msprof_output/PROF_GROUP_20260702_063338/PROF_MemoryUB/PROF_000001_20260702063404004_04047629ACIBPLAP
2026-07-02 06:34:07 [INFO] [4048185] [4048197] [host_usage_processor.cpp:27] Start process CPU_USAGE.
2026-07-02 06:34:07 [INFO] [4048185] [4048199] [data_processor.cpp:31] DDR Run. Dir is /mnt/data01/zmz/workspace/12agent/waic/build/engram_gate_w_reduce/operators/engram_gate_w_reduce/msprof_output/PROF_GROUP_20260702_063338/PROF_MemoryUB/PROF_000001_20260702063404004_04047629ACIBPLAP
2026-07-02 06:34:07 [INFO] [4048185] [4048193] [data_processor.cpp:31] DEVICE_MSTX Run. Dir is /mnt/data01/zmz/workspace/12agent/waic/build/engram_gate_w_reduce/operators/engram_gate_w_reduce/msprof_output/PROF_GROUP_20260702_063338/PROF_MemoryUB/PROF_000001_20260702063404004_04047629ACIBPLAP
2026-07-02 06:34:07 [INFO] [4048185] [4048196] [data_processor.cpp:31] DISK_USAGE Run. Dir is /mnt/data01/zmz/workspace/12agent/waic/build/engram_gate_w_reduce/operators/engram_gate_w_reduce/msprof_output/PROF_GROUP_20260702_063338/PROF_MemoryUB/PROF_000001_20260702063404004_04047629ACIBPLAP
2026-07-02 06:34:07 [INFO] [4048185] [4048190] [data_processor.cpp:31] FUSION_OP Run. Dir is /mnt/data01/zmz/workspace/12agent/waic/build/engram_gate_w_reduce/operators/engram_gate_w_reduce/msprof_output/PROF_GROUP_20260702_063338/PROF_MemoryUB/PROF_000001_20260702063404004_04047629ACIBPLAP
2026-07-02 06:34:07 [INFO] [4048185] [4048196] [host_usage_processor.cpp:27] Start process DISK_USAGE.
2026-07-02 06:34:07 [WARN] [4048185] [4048195] [data_processor.cpp:42] Can't find the db, the path is /mnt/data01/zmz/workspace/12agent/waic/build/engram_gate_w_reduce/operators/engram_gate_w_reduce/msprof_output/PROF_GROUP_20260702_063338/PROF_MemoryUB/PROF_000001_20260702063404004_04047629ACIBPLAP/device_3/sqlite/acc_pmu.db.
2026-07-02 06:34:07 [INFO] [4048185] [4048195] [data_processor.h:80] Save ACC_PMU data into dataInventory
2026-07-02 06:34:07 [INFO] [4048185] [4048191] [data_processor.cpp:58] Check /mnt/data01/zmz/workspace/12agent/waic/build/engram_gate_w_reduce/operators/engram_gate_w_reduce/msprof_output/PROF_GROUP_20260702_063338/PROF_MemoryUB/PROF_000001_20260702063404004_04047629ACIBPLAP/host/sqlite/api_event.db and ApiData success.
2026-07-02 06:34:07 [WARN] [4048185] [4048195] [data_processor.h:82] ACC_PMU no data to inject to dataInventory
2026-07-02 06:34:07 [WARN] [4048185] [4048190] [data_processor.cpp:42] Can't find the db, the path is /mnt/data01/zmz/workspace/12agent/waic/build/engram_gate_w_reduce/operators/engram_gate_w_reduce/msprof_output/PROF_GROUP_20260702_063338/PROF_MemoryUB/PROF_000001_20260702063404004_04047629ACIBPLAP/host/sqlite/ge_model_info.db.
2026-07-02 06:34:07 [INFO] [4048185] [4048195] [data_processor.cpp:31] HBM Run. Dir is /mnt/data01/zmz/workspace/12agent/waic/build/engram_gate_w_reduce/operators/engram_gate_w_reduce/msprof_output/PROF_GROUP_20260702_063338/PROF_MemoryUB/PROF_000001_20260702063404004_04047629ACIBPLAP
2026-07-02 06:34:07 [INFO] [4048185] [4048190] [data_processor.cpp:31] HCCS Run. Dir is /mnt/data01/zmz/workspace/12agent/waic/build/engram_gate_w_reduce/operators/engram_gate_w_reduce/msprof_output/PROF_GROUP_20260702_063338/PROF_MemoryUB/PROF_000001_20260702063404004_04047629ACIBPLAP
2026-07-02 06:34:07 [INFO] [4048185] [4048191] [db_runner.h:79] Start query data
2026-07-02 06:34:07 [WARN] [4048185] [4048194] [data_processor.cpp:42] Can't find the db, the path is /mnt/data01/zmz/workspace/12agent/waic/build/engram_gate_w_reduce/operators/engram_gate_w_reduce/msprof_output/PROF_GROUP_20260702_063338/PROF_MemoryUB/PROF_000001_20260702063404004_04047629ACIBPLAP/device_3/sqlite/hccl_single_device.db.
2026-07-02 06:34:07 [WARN] [4048185] [4048194] [data_processor.cpp:42] Can't find the db, the path is /mnt/data01/zmz/workspace/12agent/waic/build/engram_gate_w_reduce/operators/engram_gate_w_reduce/msprof_output/PROF_GROUP_20260702_063338/PROF_MemoryUB/PROF_000001_20260702063404004_04047629ACIBPLAP/device_3/sqlite/hccl_single_device.db.
2026-07-02 06:34:07 [INFO] [4048185] [4048194] [data_processor.h:68] There are 0 records before COMMUNICATION_TASK_INFO data filtering, filterTime is 1782974044271162000.
2026-07-02 06:34:07 [INFO] [4048185] [4048194] [data_processor.h:73] There are 0 records after COMMUNICATION_TASK_INFO data filtering.
2026-07-02 06:34:07 [INFO] [4048185] [4048194] [data_processor.h:68] There are 0 records before COMMUNICATION_TASK_INFO data filtering, filterTime is 1782974044271162000.
2026-07-02 06:34:07 [INFO] [4048185] [4048194] [data_processor.h:73] There are 0 records after COMMUNICATION_TASK_INFO data filtering.
2026-07-02 06:34:07 [INFO] [4048185] [4048194] [data_processor.h:80] Save COMMUNICATION_TASK_INFO data into dataInventory
2026-07-02 06:34:07 [WARN] [4048185] [4048194] [data_processor.h:82] COMMUNICATION_TASK_INFO no data to inject to dataInventory
2026-07-02 06:34:07 [INFO] [4048185] [4048194] [data_processor.h:80] Save COMMUNICATION_OP data into dataInventory
2026-07-02 06:34:07 [WARN] [4048185] [4048194] [data_processor.h:82] COMMUNICATION_OP no data to inject to dataInventory
2026-07-02 06:34:07 [INFO] [4048185] [4048194] [data_processor.cpp:31] HOST_TASK Run. Dir is /mnt/data01/zmz/workspace/12agent/waic/build/engram_gate_w_reduce/operators/engram_gate_w_reduce/msprof_output/PROF_GROUP_20260702_063338/PROF_MemoryUB/PROF_000001_20260702063404004_04047629ACIBPLAP
2026-07-02 06:34:07 [WARN] [4048185] [4048197] [data_processor.cpp:42] Can't find the db, the path is /mnt/data01/zmz/workspace/12agent/waic/build/engram_gate_w_reduce/operators/engram_gate_w_reduce/msprof_output/PROF_GROUP_20260702_063338/PROF_MemoryUB/PROF_000001_20260702063404004_04047629ACIBPLAP/host/sqlite/host_cpu_usage.db.
2026-07-02 06:34:07 [INFO] [4048185] [4048197] [data_processor.cpp:31] KFC_COMM Run. Dir is /mnt/data01/zmz/workspace/12agent/waic/build/engram_gate_w_reduce/operators/engram_gate_w_reduce/msprof_output/PROF_GROUP_20260702_063338/PROF_MemoryUB/PROF_000001_20260702063404004_04047629ACIBPLAP
2026-07-02 06:34:07 [INFO] [4048185] [4048198] [data_processor.cpp:58] Check /mnt/data01/zmz/workspace/12agent/waic/build/engram_gate_w_reduce/operators/engram_gate_w_reduce/msprof_output/PROF_GROUP_20260702_063338/PROF_MemoryUB/PROF_000001_20260702063404004_04047629ACIBPLAP/host/sqlite/ge_info.db and TaskInfo success.
2026-07-02 06:34:07 [INFO] [4048185] [4048198] [db_runner.h:79] Start query data
2026-07-02 06:34:07 [INFO] [4048185] [4048191] [db_runner.h:90] Query data success: SELECT struct_type, id, level, thread_id, item_id, start, end, connection_id FROM ApiData
2026-07-02 06:34:07 [WARN] [4048185] [4048196] [data_processor.cpp:42] Can't find the db, the path is /mnt/data01/zmz/workspace/12agent/waic/build/engram_gate_w_reduce/operators/engram_gate_w_reduce/msprof_output/PROF_GROUP_20260702_063338/PROF_MemoryUB/PROF_000001_20260702063404004_04047629ACIBPLAP/host/sqlite/host_disk_usage.db.
2026-07-02 06:34:07 [INFO] [4048185] [4048196] [data_processor.cpp:31] KFC_TASK Run. Dir is /mnt/data01/zmz/workspace/12agent/waic/build/engram_gate_w_reduce/operators/engram_gate_w_reduce/msprof_output/PROF_GROUP_20260702_063338/PROF_MemoryUB/PROF_000001_20260702063404004_04047629ACIBPLAP
2026-07-02 06:34:07 [WARN] [4048185] [4048195] [data_processor.cpp:42] Can't find the db, the path is /mnt/data01/zmz/workspace/12agent/waic/build/engram_gate_w_reduce/operators/engram_gate_w_reduce/msprof_output/PROF_GROUP_20260702_063338/PROF_MemoryUB/PROF_000001_20260702063404004_04047629ACIBPLAP/device_3/sqlite/hbm.db.
2026-07-02 06:34:07 [INFO] [4048185] [4048195] [data_processor.h:80] Save HBM data into dataInventory
2026-07-02 06:34:07 [WARN] [4048185] [4048195] [data_processor.h:82] HBM no data to inject to dataInventory
2026-07-02 06:34:07 [INFO] [4048185] [4048195] [data_processor.h:80] Save HBM data into dataInventory
2026-07-02 06:34:07 [WARN] [4048185] [4048195] [data_processor.h:82] HBM no data to inject to dataInventory
2026-07-02 06:34:07 [INFO] [4048185] [4048195] [data_processor.cpp:31] LLC Run. Dir is /mnt/data01/zmz/workspace/12agent/waic/build/engram_gate_w_reduce/operators/engram_gate_w_reduce/msprof_output/PROF_GROUP_20260702_063338/PROF_MemoryUB/PROF_000001_20260702063404004_04047629ACIBPLAP
2026-07-02 06:34:07 [WARN] [4048185] [4048190] [data_processor.cpp:42] Can't find the db, the path is /mnt/data01/zmz/workspace/12agent/waic/build/engram_gate_w_reduce/operators/engram_gate_w_reduce/msprof_output/PROF_GROUP_20260702_063338/PROF_MemoryUB/PROF_000001_20260702063404004_04047629ACIBPLAP/device_3/sqlite/hccs.db.
2026-07-02 06:34:07 [INFO] [4048185] [4048190] [data_processor.h:80] Save HCCS data into dataInventory
2026-07-02 06:34:07 [WARN] [4048185] [4048190] [data_processor.h:82] HCCS no data to inject to dataInventory
2026-07-02 06:34:07 [INFO] [4048185] [4048190] [data_processor.h:80] Save HCCS data into dataInventory
2026-07-02 06:34:07 [WARN] [4048185] [4048190] [data_processor.h:82] HCCS no data to inject to dataInventory
2026-07-02 06:34:07 [INFO] [4048185] [4048190] [data_processor.cpp:31] MC2_COMM_INFO Run. Dir is /mnt/data01/zmz/workspace/12agent/waic/build/engram_gate_w_reduce/operators/engram_gate_w_reduce/msprof_output/PROF_GROUP_20260702_063338/PROF_MemoryUB/PROF_000001_20260702063404004_04047629ACIBPLAP
2026-07-02 06:34:07 [WARN] [4048185] [4048190] [data_processor.cpp:42] Can't find the db, the path is /mnt/data01/zmz/workspace/12agent/waic/build/engram_gate_w_reduce/operators/engram_gate_w_reduce/msprof_output/PROF_GROUP_20260702_063338/PROF_MemoryUB/PROF_000001_20260702063404004_04047629ACIBPLAP/host/sqlite/mc2_comm_info.db.
2026-07-02 06:34:07 [INFO] [4048185] [4048194] [db_runner.h:79] Start query data
2026-07-02 06:34:07 [INFO] [4048185] [4048190] [data_processor.cpp:31] MEMCPY_INFO Run. Dir is /mnt/data01/zmz/workspace/12agent/waic/build/engram_gate_w_reduce/operators/engram_gate_w_reduce/msprof_output/PROF_GROUP_20260702_063338/PROF_MemoryUB/PROF_000001_20260702063404004_04047629ACIBPLAP
2026-07-02 06:34:07 [INFO] [4048185] [4048198] [db_runner.h:90] Query data success: SELECT hashid, model_id, op_name, stream_id, task_id, block_num, mix_block_num, task_type, op_type, op_flag, batch_id, IFNULL(input_formats, 'NULL'), IFNULL(input_data_types, 'NULL'), IFNULL(input_shapes, 'NULL'), IFNULL(output_formats, 'NULL'), IFNULL(output_data_types, 'NULL'), IFNULL(output_shapes, 'NULL'), device_id, context_id, (case when op_state is 'N/A' then 'N/A' when op_state is '1' then 'dynamic' when op_state is '0' then 'static' end) FROM TaskInfo
2026-07-02 06:34:07 [WARN] [4048185] [4048197] [data_processor.cpp:42] Can't find the db, the path is /mnt/data01/zmz/workspace/12agent/waic/build/engram_gate_w_reduce/operators/engram_gate_w_reduce/msprof_output/PROF_GROUP_20260702_063338/PROF_MemoryUB/PROF_000001_20260702063404004_04047629ACIBPLAP/device_3/sqlite/hccl_single_device.db.
2026-07-02 06:34:07 [WARN] [4048185] [4048197] [data_processor.cpp:42] Can't find the db, the path is /mnt/data01/zmz/workspace/12agent/waic/build/engram_gate_w_reduce/operators/engram_gate_w_reduce/msprof_output/PROF_GROUP_20260702_063338/PROF_MemoryUB/PROF_000001_20260702063404004_04047629ACIBPLAP/device_3/sqlite/hccl_single_device.db.
2026-07-02 06:34:07 [INFO] [4048185] [4048197] [data_processor.h:80] Save KFC_COMM data into dataInventory
2026-07-02 06:34:07 [WARN] [4048185] [4048197] [data_processor.h:82] KFC_COMM no data to inject to dataInventory
2026-07-02 06:34:07 [INFO] [4048185] [4048197] [data_processor.h:80] Save KFC_COMM data into dataInventory
2026-07-02 06:34:07 [WARN] [4048185] [4048197] [data_processor.h:82] KFC_COMM no data to inject to dataInventory
2026-07-02 06:34:07 [INFO] [4048185] [4048197] [data_processor.cpp:31] MEM_USAGE Run. Dir is /mnt/data01/zmz/workspace/12agent/waic/build/engram_gate_w_reduce/operators/engram_gate_w_reduce/msprof_output/PROF_GROUP_20260702_063338/PROF_MemoryUB/PROF_000001_20260702063404004_04047629ACIBPLAP
2026-07-02 06:34:07 [INFO] [4048185] [4048197] [host_usage_processor.cpp:27] Start process MEM_USAGE.
2026-07-02 06:34:07 [WARN] [4048185] [4048190] [data_processor.cpp:54] Check MemcpyInfo not exists
2026-07-02 06:34:07 [INFO] [4048185] [4048190] [data_processor.cpp:31] MODEL_NAME Run. Dir is /mnt/data01/zmz/workspace/12agent/waic/build/engram_gate_w_reduce/operators/engram_gate_w_reduce/msprof_output/PROF_GROUP_20260702_063338/PROF_MemoryUB/PROF_000001_20260702063404004_04047629ACIBPLAP
2026-07-02 06:34:07 [INFO] [4048185] [4048198] [data_processor.h:80] Save COMPUTE_TASK_INFO data into dataInventory
2026-07-02 06:34:07 [WARN] [4048185] [4048190] [data_processor.cpp:42] Can't find the db, the path is /mnt/data01/zmz/workspace/12agent/waic/build/engram_gate_w_reduce/operators/engram_gate_w_reduce/msprof_output/PROF_GROUP_20260702_063338/PROF_MemoryUB/PROF_000001_20260702063404004_04047629ACIBPLAP/host/sqlite/ge_model_info.db.
2026-07-02 06:34:07 [INFO] [4048185] [4048190] [data_processor.cpp:31] MSTX Run. Dir is /mnt/data01/zmz/workspace/12agent/waic/build/engram_gate_w_reduce/operators/engram_gate_w_reduce/msprof_output/PROF_GROUP_20260702_063338/PROF_MemoryUB/PROF_000001_20260702063404004_04047629ACIBPLAP
2026-07-02 06:34:07 [INFO] [4048185] [4048198] [data_processor.cpp:31] NETDEV_STATS Run. Dir is /mnt/data01/zmz/workspace/12agent/waic/build/engram_gate_w_reduce/operators/engram_gate_w_reduce/msprof_output/PROF_GROUP_20260702_063338/PROF_MemoryUB/PROF_000001_20260702063404004_04047629ACIBPLAP
2026-07-02 06:34:07 [INFO] [4048185] [4048194] [db_runner.h:90] Query data success: SELECT stream_id, request_id, batch_id, task_id, context_ids, model_id, task_type, kernel_name, connection_id, device_id FROM HostTask
2026-07-02 06:34:07 [WARN] [4048185] [4048199] [data_processor.cpp:42] Can't find the db, the path is /mnt/data01/zmz/workspace/12agent/waic/build/engram_gate_w_reduce/operators/engram_gate_w_reduce/msprof_output/PROF_GROUP_20260702_063338/PROF_MemoryUB/PROF_000001_20260702063404004_04047629ACIBPLAP/device_3/sqlite/ddr.db.
2026-07-02 06:34:07 [INFO] [4048185] [4048199] [data_processor.h:80] Save DDR data into dataInventory
2026-07-02 06:34:07 [WARN] [4048185] [4048199] [data_processor.h:82] DDR no data to inject to dataInventory
2026-07-02 06:34:07 [INFO] [4048185] [4048199] [data_processor.cpp:31] NETWORK_USAGE Run. Dir is /mnt/data01/zmz/workspace/12agent/waic/build/engram_gate_w_reduce/operators/engram_gate_w_reduce/msprof_output/PROF_GROUP_20260702_063338/PROF_MemoryUB/PROF_000001_20260702063404004_04047629ACIBPLAP
2026-07-02 06:34:07 [INFO] [4048185] [4048199] [host_usage_processor.cpp:27] Start process NETWORK_USAGE.
2026-07-02 06:34:07 [INFO] [4048185] [4048194] [data_processor.h:80] Save HOST_TASK data into dataInventory
2026-07-02 06:34:07 [WARN] [4048185] [4048196] [data_processor.cpp:42] Can't find the db, the path is /mnt/data01/zmz/workspace/12agent/waic/build/engram_gate_w_reduce/operators/engram_gate_w_reduce/msprof_output/PROF_GROUP_20260702_063338/PROF_MemoryUB/PROF_000001_20260702063404004_04047629ACIBPLAP/device_3/sqlite/kfc_info.db.
2026-07-02 06:34:07 [INFO] [4048185] [4048194] [data_processor.cpp:31] NIC Run. Dir is /mnt/data01/zmz/workspace/12agent/waic/build/engram_gate_w_reduce/operators/engram_gate_w_reduce/msprof_output/PROF_GROUP_20260702_063338/PROF_MemoryUB/PROF_000001_20260702063404004_04047629ACIBPLAP
2026-07-02 06:34:07 [WARN] [4048185] [4048196] [data_processor.cpp:42] Can't find the db, the path is /mnt/data01/zmz/workspace/12agent/waic/build/engram_gate_w_reduce/operators/engram_gate_w_reduce/msprof_output/PROF_GROUP_20260702_063338/PROF_MemoryUB/PROF_000001_20260702063404004_04047629ACIBPLAP/device_3/sqlite/kfc_info.db.
2026-07-02 06:34:07 [WARN] [4048185] [4048193] [data_processor.cpp:54] Check StepTrace not exists
2026-07-02 06:34:07 [WARN] [4048185] [4048197] [data_processor.cpp:42] Can't find the db, the path is /mnt/data01/zmz/workspace/12agent/waic/build/engram_gate_w_reduce/operators/engram_gate_w_reduce/msprof_output/PROF_GROUP_20260702_063338/PROF_MemoryUB/PROF_000001_20260702063404004_04047629ACIBPLAP/host/sqlite/host_mem_usage.db.
2026-07-02 06:34:07 [INFO] [4048185] [4048196] [data_processor.h:80] Save KFC_TASK data into dataInventory
2026-07-02 06:34:07 [INFO] [4048185] [4048197] [data_processor.cpp:31] NPU_MEM Run. Dir is /mnt/data01/zmz/workspace/12agent/waic/build/engram_gate_w_reduce/operators/engram_gate_w_reduce/msprof_output/PROF_GROUP_20260702_063338/PROF_MemoryUB/PROF_000001_20260702063404004_04047629ACIBPLAP
2026-07-02 06:34:07 [INFO] [4048185] [4048193] [data_processor.h:80] Save TASK data into dataInventory
2026-07-02 06:34:07 [WARN] [4048185] [4048196] [data_processor.h:82] KFC_TASK no data to inject to dataInventory
2026-07-02 06:34:07 [WARN] [4048185] [4048193] [data_processor.h:82] TASK no data to inject to dataInventory
2026-07-02 06:34:07 [INFO] [4048185] [4048196] [data_processor.cpp:31] NPU_MODULE_MEM Run. Dir is /mnt/data01/zmz/workspace/12agent/waic/build/engram_gate_w_reduce/operators/engram_gate_w_reduce/msprof_output/PROF_GROUP_20260702_063338/PROF_MemoryUB/PROF_000001_20260702063404004_04047629ACIBPLAP
2026-07-02 06:34:07 [INFO] [4048185] [4048193] [data_processor.cpp:31] NPU_OP_MEM Run. Dir is /mnt/data01/zmz/workspace/12agent/waic/build/engram_gate_w_reduce/operators/engram_gate_w_reduce/msprof_output/PROF_GROUP_20260702_063338/PROF_MemoryUB/PROF_000001_20260702063404004_04047629ACIBPLAP
2026-07-02 06:34:07 [WARN] [4048185] [4048199] [data_processor.cpp:42] Can't find the db, the path is /mnt/data01/zmz/workspace/12agent/waic/build/engram_gate_w_reduce/operators/engram_gate_w_reduce/msprof_output/PROF_GROUP_20260702_063338/PROF_MemoryUB/PROF_000001_20260702063404004_04047629ACIBPLAP/host/sqlite/host_network_usage.db.
2026-07-02 06:34:07 [WARN] [4048185] [4048193] [data_processor.cpp:42] Can't find the db, the path is /mnt/data01/zmz/workspace/12agent/waic/build/engram_gate_w_reduce/operators/engram_gate_w_reduce/msprof_output/PROF_GROUP_20260702_063338/PROF_MemoryUB/PROF_000001_20260702063404004_04047629ACIBPLAP/host/sqlite/task_memory.db.
2026-07-02 06:34:07 [INFO] [4048185] [4048199] [data_processor.cpp:31] OP_STATISTIC Run. Dir is /mnt/data01/zmz/workspace/12agent/waic/build/engram_gate_w_reduce/operators/engram_gate_w_reduce/msprof_output/PROF_GROUP_20260702_063338/PROF_MemoryUB/PROF_000001_20260702063404004_04047629ACIBPLAP
2026-07-02 06:34:07 [WARN] [4048185] [4048198] [data_processor.cpp:42] Can't find the db, the path is /mnt/data01/zmz/workspace/12agent/waic/build/engram_gate_w_reduce/operators/engram_gate_w_reduce/msprof_output/PROF_GROUP_20260702_063338/PROF_MemoryUB/PROF_000001_20260702063404004_04047629ACIBPLAP/device_3/sqlite/netdev_stats.db.
2026-07-02 06:34:07 [WARN] [4048185] [4048195] [data_processor.cpp:42] Can't find the db, the path is /mnt/data01/zmz/workspace/12agent/waic/build/engram_gate_w_reduce/operators/engram_gate_w_reduce/msprof_output/PROF_GROUP_20260702_063338/PROF_MemoryUB/PROF_000001_20260702063404004_04047629ACIBPLAP/device_3/sqlite/llc.db.
2026-07-02 06:34:07 [INFO] [4048185] [4048198] [data_processor.h:80] Save NETDEV_STATS data into dataInventory
2026-07-02 06:34:07 [INFO] [4048185] [4048193] [data_processor.cpp:31] OSRT_API Run. Dir is /mnt/data01/zmz/workspace/12agent/waic/build/engram_gate_w_reduce/operators/engram_gate_w_reduce/msprof_output/PROF_GROUP_20260702_063338/PROF_MemoryUB/PROF_000001_20260702063404004_04047629ACIBPLAP
2026-07-02 06:34:07 [INFO] [4048185] [4048195] [data_processor.h:80] Save LLC data into dataInventory
2026-07-02 06:34:07 [WARN] [4048185] [4048198] [data_processor.h:82] NETDEV_STATS no data to inject to dataInventory
2026-07-02 06:34:07 [INFO] [4048185] [4048192] [data_processor.cpp:58] Check /mnt/data01/zmz/workspace/12agent/waic/build/engram_gate_w_reduce/operators/engram_gate_w_reduce/msprof_output/PROF_GROUP_20260702_063338/PROF_MemoryUB/PROF_000001_20260702063404004_04047629ACIBPLAP/device_3/sqlite/freq.db and FreqParse success.
2026-07-02 06:34:07 [INFO] [4048185] [4048198] [data_processor.cpp:31] PCIE Run. Dir is /mnt/data01/zmz/workspace/12agent/waic/build/engram_gate_w_reduce/operators/engram_gate_w_reduce/msprof_output/PROF_GROUP_20260702_063338/PROF_MemoryUB/PROF_000001_20260702063404004_04047629ACIBPLAP
2026-07-02 06:34:07 [INFO] [4048185] [4048192] [aicore_freq_processor.cpp:100] AicoreFreqProcessor GetData, dir is /mnt/data01/zmz/workspace/12agent/waic/build/engram_gate_w_reduce/operators/engram_gate_w_reduce/msprof_output/PROF_GROUP_20260702_063338/PROF_MemoryUB/PROF_000001_20260702063404004_04047629ACIBPLAP/device_3/sqlite/freq.db
2026-07-02 06:34:07 [INFO] [4048185] [4048198] [pcie_processor.cpp:51] PCIeProcessor Process, dir is /mnt/data01/zmz/workspace/12agent/waic/build/engram_gate_w_reduce/operators/engram_gate_w_reduce/msprof_output/PROF_GROUP_20260702_063338/PROF_MemoryUB/PROF_000001_20260702063404004_04047629ACIBPLAP
2026-07-02 06:34:07 [WARN] [4048185] [4048195] [data_processor.h:82] LLC no data to inject to dataInventory
2026-07-02 06:34:07 [INFO] [4048185] [4048192] [db_runner.h:79] Start query data
2026-07-02 06:34:07 [INFO] [4048185] [4048193] [host_usage_processor.cpp:27] Start process OSRT_API.
2026-07-02 06:34:07 [INFO] [4048185] [4048195] [data_processor.h:80] Save LLC data into dataInventory
2026-07-02 06:34:07 [WARN] [4048185] [4048195] [data_processor.h:82] LLC no data to inject to dataInventory
2026-07-02 06:34:07 [INFO] [4048185] [4048195] [data_processor.cpp:31] PMU Run. Dir is /mnt/data01/zmz/workspace/12agent/waic/build/engram_gate_w_reduce/operators/engram_gate_w_reduce/msprof_output/PROF_GROUP_20260702_063338/PROF_MemoryUB/PROF_000001_20260702063404004_04047629ACIBPLAP
2026-07-02 06:34:07 [WARN] [4048185] [4048194] [data_processor.cpp:42] Can't find the db, the path is /mnt/data01/zmz/workspace/12agent/waic/build/engram_gate_w_reduce/operators/engram_gate_w_reduce/msprof_output/PROF_GROUP_20260702_063338/PROF_MemoryUB/PROF_000001_20260702063404004_04047629ACIBPLAP/device_3/sqlite/nic.db.
2026-07-02 06:34:07 [WARN] [4048185] [4048194] [data_processor.cpp:42] Can't find the db, the path is /mnt/data01/zmz/workspace/12agent/waic/build/engram_gate_w_reduce/operators/engram_gate_w_reduce/msprof_output/PROF_GROUP_20260702_063338/PROF_MemoryUB/PROF_000001_20260702063404004_04047629ACIBPLAP/device_3/sqlite/nic.db.
2026-07-02 06:34:07 [INFO] [4048185] [4048194] [data_processor.cpp:31] QOS Run. Dir is /mnt/data01/zmz/workspace/12agent/waic/build/engram_gate_w_reduce/operators/engram_gate_w_reduce/msprof_output/PROF_GROUP_20260702_063338/PROF_MemoryUB/PROF_000001_20260702063404004_04047629ACIBPLAP
2026-07-02 06:34:07 [INFO] [4048185] [4048192] [db_runner.h:90] Query data success: SELECT syscnt, freq FROM FreqParse
2026-07-02 06:34:07 [WARN] [4048185] [4048190] [data_processor.cpp:42] Can't find the db, the path is /mnt/data01/zmz/workspace/12agent/waic/build/engram_gate_w_reduce/operators/engram_gate_w_reduce/msprof_output/PROF_GROUP_20260702_063338/PROF_MemoryUB/PROF_000001_20260702063404004_04047629ACIBPLAP/host/sqlite/msproftx.db.
2026-07-02 06:34:07 [INFO] [4048185] [4048199] [data_processor.cpp:58] Check /mnt/data01/zmz/workspace/12agent/waic/build/engram_gate_w_reduce/operators/engram_gate_w_reduce/msprof_output/PROF_GROUP_20260702_063338/PROF_MemoryUB/PROF_000001_20260702063404004_04047629ACIBPLAP/device_3/sqlite/op_counter.db and op_report success.
2026-07-02 06:34:07 [WARN] [4048185] [4048190] [data_processor.cpp:42] Can't find the db, the path is /mnt/data01/zmz/workspace/12agent/waic/build/engram_gate_w_reduce/operators/engram_gate_w_reduce/msprof_output/PROF_GROUP_20260702_063338/PROF_MemoryUB/PROF_000001_20260702063404004_04047629ACIBPLAP/host/sqlite/msproftx.db.
2026-07-02 06:34:07 [INFO] [4048185] [4048192] [aicore_freq_processor.cpp:119] AicoreFreqProcessor FormatData.
2026-07-02 06:34:07 [WARN] [4048185] [4048190] [msproftx_host_processor.cpp:83] msprofTx in /mnt/data01/zmz/workspace/12agent/waic/build/engram_gate_w_reduce/operators/engram_gate_w_reduce/msprof_output/PROF_GROUP_20260702_063338/PROF_MemoryUB/PROF_000001_20260702063404004_04047629ACIBPLAP is not exists, return
2026-07-02 06:34:07 [INFO] [4048185] [4048199] [db_runner.h:79] Start query data
2026-07-02 06:34:07 [INFO] [4048185] [4048191] [data_processor.h:68] There are 46 records before API data filtering, filterTime is 1782974044267859000.
2026-07-02 06:34:07 [INFO] [4048185] [4048190] [data_processor.cpp:31] ROCE Run. Dir is /mnt/data01/zmz/workspace/12agent/waic/build/engram_gate_w_reduce/operators/engram_gate_w_reduce/msprof_output/PROF_GROUP_20260702_063338/PROF_MemoryUB/PROF_000001_20260702063404004_04047629ACIBPLAP
2026-07-02 06:34:07 [INFO] [4048185] [4048191] [data_processor.h:73] There are 46 records after API data filtering.
2026-07-02 06:34:07 [INFO] [4048185] [4048191] [data_processor.h:80] Save API data into dataInventory
2026-07-02 06:34:07 [INFO] [4048185] [4048191] [data_processor.cpp:31] SIO Run. Dir is /mnt/data01/zmz/workspace/12agent/waic/build/engram_gate_w_reduce/operators/engram_gate_w_reduce/msprof_output/PROF_GROUP_20260702_063338/PROF_MemoryUB/PROF_000001_20260702063404004_04047629ACIBPLAP
2026-07-02 06:34:07 [INFO] [4048185] [4048195] [metric_processor.cpp:86] TaskBasedProcess, dir is /mnt/data01/zmz/workspace/12agent/waic/build/engram_gate_w_reduce/operators/engram_gate_w_reduce/msprof_output/PROF_GROUP_20260702_063338/PROF_MemoryUB/PROF_000001_20260702063404004_04047629ACIBPLAP
2026-07-02 06:34:07 [WARN] [4048185] [4048193] [data_processor.cpp:42] Can't find the db, the path is /mnt/data01/zmz/workspace/12agent/waic/build/engram_gate_w_reduce/operators/engram_gate_w_reduce/msprof_output/PROF_GROUP_20260702_063338/PROF_MemoryUB/PROF_000001_20260702063404004_04047629ACIBPLAP/host/sqlite/host_runtime_api.db.
2026-07-02 06:34:07 [INFO] [4048185] [4048193] [data_processor.cpp:31] SOC Run. Dir is /mnt/data01/zmz/workspace/12agent/waic/build/engram_gate_w_reduce/operators/engram_gate_w_reduce/msprof_output/PROF_GROUP_20260702_063338/PROF_MemoryUB/PROF_000001_20260702063404004_04047629ACIBPLAP
2026-07-02 06:34:07 [WARN] [4048185] [4048194] [data_processor.cpp:42] Can't find the db, the path is /mnt/data01/zmz/workspace/12agent/waic/build/engram_gate_w_reduce/operators/engram_gate_w_reduce/msprof_output/PROF_GROUP_20260702_063338/PROF_MemoryUB/PROF_000001_20260702063404004_04047629ACIBPLAP/device_3/sqlite/qos.db.
2026-07-02 06:34:07 [INFO] [4048185] [4048194] [data_processor.h:80] Save QOS data into dataInventory
2026-07-02 06:34:07 [WARN] [4048185] [4048194] [data_processor.h:82] QOS no data to inject to dataInventory
2026-07-02 06:34:07 [INFO] [4048185] [4048199] [db_runner.h:90] Query data success: SELECT op_type, core_type, occurrences,  round(total_time/1000.0, 3), round(min/1000.0, 3), round(avg/1000.0, 3), round(max/1000.0, 3), round(ratio, 3) FROM op_report WHERE op_type != 'N/A' and core_type not in ('WRITE_BACK', 'INVALID')
2026-07-02 06:34:07 [INFO] [4048185] [4048194] [data_processor.cpp:31] STEP_TRACE Run. Dir is /mnt/data01/zmz/workspace/12agent/waic/build/engram_gate_w_reduce/operators/engram_gate_w_reduce/msprof_output/PROF_GROUP_20260702_063338/PROF_MemoryUB/PROF_000001_20260702063404004_04047629ACIBPLAP
2026-07-02 06:34:07 [INFO] [4048185] [4048199] [data_processor.h:80] Save OP_STATISTIC data into dataInventory
2026-07-02 06:34:07 [INFO] [4048185] [4048199] [data_processor.cpp:31] TASK Run. Dir is /mnt/data01/zmz/workspace/12agent/waic/build/engram_gate_w_reduce/operators/engram_gate_w_reduce/msprof_output/PROF_GROUP_20260702_063338/PROF_MemoryUB/PROF_000001_20260702063404004_04047629ACIBPLAP
2026-07-02 06:34:07 [WARN] [4048185] [4048197] [data_processor.cpp:42] Can't find the db, the path is /mnt/data01/zmz/workspace/12agent/waic/build/engram_gate_w_reduce/operators/engram_gate_w_reduce/msprof_output/PROF_GROUP_20260702_063338/PROF_MemoryUB/PROF_000001_20260702063404004_04047629ACIBPLAP/device_3/sqlite/npu_mem.db.
2026-07-02 06:34:07 [INFO] [4048185] [4048197] [data_processor.h:80] Save NPU_MEM data into dataInventory
2026-07-02 06:34:07 [WARN] [4048185] [4048197] [data_processor.h:82] NPU_MEM no data to inject to dataInventory
2026-07-02 06:34:07 [INFO] [4048185] [4048197] [data_processor.cpp:31] UNIFIED_PMU Run. Dir is /mnt/data01/zmz/workspace/12agent/waic/build/engram_gate_w_reduce/operators/engram_gate_w_reduce/msprof_output/PROF_GROUP_20260702_063338/PROF_MemoryUB/PROF_000001_20260702063404004_04047629ACIBPLAP
2026-07-02 06:34:07 [WARN] [4048185] [4048190] [data_processor.cpp:42] Can't find the db, the path is /mnt/data01/zmz/workspace/12agent/waic/build/engram_gate_w_reduce/operators/engram_gate_w_reduce/msprof_output/PROF_GROUP_20260702_063338/PROF_MemoryUB/PROF_000001_20260702063404004_04047629ACIBPLAP/device_3/sqlite/roce.db.
2026-07-02 06:34:07 [WARN] [4048185] [4048196] [data_processor.cpp:42] Can't find the db, the path is /mnt/data01/zmz/workspace/12agent/waic/build/engram_gate_w_reduce/operators/engram_gate_w_reduce/msprof_output/PROF_GROUP_20260702_063338/PROF_MemoryUB/PROF_000001_20260702063404004_04047629ACIBPLAP/device_3/sqlite/npu_module_mem.db.
2026-07-02 06:34:07 [WARN] [4048185] [4048190] [data_processor.cpp:42] Can't find the db, the path is /mnt/data01/zmz/workspace/12agent/waic/build/engram_gate_w_reduce/operators/engram_gate_w_reduce/msprof_output/PROF_GROUP_20260702_063338/PROF_MemoryUB/PROF_000001_20260702063404004_04047629ACIBPLAP/device_3/sqlite/roce.db.
2026-07-02 06:34:07 [INFO] [4048185] [4048192] [data_processor.h:80] Save AICORE_FREQ data into dataInventory
2026-07-02 06:34:07 [INFO] [4048185] [4048196] [data_processor.h:80] Save NPU_MODULE_MEM data into dataInventory
2026-07-02 06:34:07 [WARN] [4048185] [4048196] [data_processor.h:82] NPU_MODULE_MEM no data to inject to dataInventory
2026-07-02 06:34:07 [WARN] [4048185] [4048191] [data_processor.cpp:42] Can't find the db, the path is /mnt/data01/zmz/workspace/12agent/waic/build/engram_gate_w_reduce/operators/engram_gate_w_reduce/msprof_output/PROF_GROUP_20260702_063338/PROF_MemoryUB/PROF_000001_20260702063404004_04047629ACIBPLAP/device_3/sqlite/sio.db.
2026-07-02 06:34:07 [INFO] [4048185] [4048191] [data_processor.h:80] Save SIO data into dataInventory
2026-07-02 06:34:07 [WARN] [4048185] [4048191] [data_processor.h:82] SIO no data to inject to dataInventory
2026-07-02 06:34:07 [INFO] [4048185] [4048195] [data_processor.cpp:58] Check /mnt/data01/zmz/workspace/12agent/waic/build/engram_gate_w_reduce/operators/engram_gate_w_reduce/msprof_output/PROF_GROUP_20260702_063338/PROF_MemoryUB/PROF_000001_20260702063404004_04047629ACIBPLAP/device_3/sqlite/metric_summary.db and MetricSummary success.
2026-07-02 06:34:07 [INFO] [4048185] [4048195] [metric_processor.cpp:134] GetAndCheckTableColumns.
2026-07-02 06:34:07 [INFO] [4048185] [4048195] [db_runner.cpp:152] Start get MetricSummary headers
2026-07-02 06:34:07 [WARN] [4048185] [4048193] [data_processor.cpp:42] Can't find the db, the path is /mnt/data01/zmz/workspace/12agent/waic/build/engram_gate_w_reduce/operators/engram_gate_w_reduce/msprof_output/PROF_GROUP_20260702_063338/PROF_MemoryUB/PROF_000001_20260702063404004_04047629ACIBPLAP/device_3/sqlite/soc_profiler.db.
2026-07-02 06:34:07 [INFO] [4048185] [4048193] [data_processor.h:80] Save SOC data into dataInventory
2026-07-02 06:34:07 [WARN] [4048185] [4048193] [data_processor.h:82] SOC no data to inject to dataInventory
2026-07-02 06:34:07 [INFO] [4048185] [4048199] [data_processor.cpp:58] Check /mnt/data01/zmz/workspace/12agent/waic/build/engram_gate_w_reduce/operators/engram_gate_w_reduce/msprof_output/PROF_GROUP_20260702_063338/PROF_MemoryUB/PROF_000001_20260702063404004_04047629ACIBPLAP/device_3/sqlite/ascend_task.db and AscendTask success.
2026-07-02 06:34:07 [INFO] [4048185] [4048195] [db_runner.cpp:165] Get MetricSummary columns success
2026-07-02 06:34:07 [WARN] [4048185] [4048198] [data_processor.cpp:42] Can't find the db, the path is /mnt/data01/zmz/workspace/12agent/waic/build/engram_gate_w_reduce/operators/engram_gate_w_reduce/msprof_output/PROF_GROUP_20260702_063338/PROF_MemoryUB/PROF_000001_20260702063404004_04047629ACIBPLAP/device_3/sqlite/pcie.db.
2026-07-02 06:34:07 [INFO] [4048185] [4048198] [data_processor.h:80] Save PCIE data into dataInventory
2026-07-02 06:34:07 [WARN] [4048185] [4048198] [data_processor.h:82] PCIE no data to inject to dataInventory
2026-07-02 06:34:07 [INFO] [4048185] [4048199] [db_runner.h:79] Start query data
2026-07-02 06:34:07 [WARN] [4048185] [4048194] [data_processor.cpp:42] Can't find the db, the path is /mnt/data01/zmz/workspace/12agent/waic/build/engram_gate_w_reduce/operators/engram_gate_w_reduce/msprof_output/PROF_GROUP_20260702_063338/PROF_MemoryUB/PROF_000001_20260702063404004_04047629ACIBPLAP/device_3/sqlite/trace.db.
2026-07-02 06:34:07 [INFO] [4048185] [4048194] [data_processor.h:68] There are 0 records before STEP_TRACE data filtering, filterTime is 1782974044271162000.
2026-07-02 06:34:07 [INFO] [4048185] [4048194] [data_processor.h:73] There are 0 records after STEP_TRACE data filtering.
2026-07-02 06:34:07 [INFO] [4048185] [4048197] [unified_pmu_processor.cpp:85] TaskBasedProcess, dir is /mnt/data01/zmz/workspace/12agent/waic/build/engram_gate_w_reduce/operators/engram_gate_w_reduce/msprof_output/PROF_GROUP_20260702_063338/PROF_MemoryUB/PROF_000001_20260702063404004_04047629ACIBPLAP
2026-07-02 06:34:07 [INFO] [4048185] [4048195] [db_runner.h:79] Start query data
2026-07-02 06:34:07 [INFO] [4048185] [4048199] [db_runner.h:90] Query data success: SELECT a.start_time, a.duration, a.model_id, a.index_id, a.stream_id, a.task_id, a.context_id,a.batch_id, a.connection_id, a.host_task_type, a.device_task_type FROM AscendTask a WHERE a.device_task_type != 'UNKNOWN'
2026-07-02 06:34:07 [WARN] [4048185] [4048194] [data_processor.cpp:42] Can't find the db, the path is /mnt/data01/zmz/workspace/12agent/waic/build/engram_gate_w_reduce/operators/engram_gate_w_reduce/msprof_output/PROF_GROUP_20260702_063338/PROF_MemoryUB/PROF_000001_20260702063404004_04047629ACIBPLAP/device_3/sqlite/trace.db.
2026-07-02 06:34:07 [INFO] [4048185] [4048194] [data_processor.h:68] There are 0 records before STEP_TRACE data filtering, filterTime is 1782974044271162000.
2026-07-02 06:34:07 [INFO] [4048185] [4048194] [data_processor.h:73] There are 0 records after STEP_TRACE data filtering.
2026-07-02 06:34:07 [INFO] [4048185] [4048195] [db_runner.h:90] Query data success: SELECT ROUND(aic_total_time, 3) FROM MetricSummary
2026-07-02 06:34:07 [INFO] [4048185] [4048197] [data_processor.cpp:58] Check /mnt/data01/zmz/workspace/12agent/waic/build/engram_gate_w_reduce/operators/engram_gate_w_reduce/msprof_output/PROF_GROUP_20260702_063338/PROF_MemoryUB/PROF_000001_20260702063404004_04047629ACIBPLAP/device_3/sqlite/metric_summary.db and MetricSummary success.
2026-07-02 06:34:07 [INFO] [4048185] [4048197] [unified_pmu_processor.cpp:130] GetAndCheckTableColumns.
2026-07-02 06:34:07 [INFO] [4048185] [4048195] [db_runner.h:79] Start query data
2026-07-02 06:34:07 [INFO] [4048185] [4048197] [db_runner.cpp:152] Start get MetricSummary headers
2026-07-02 06:34:07 [WARN] [4048185] [4048194] [data_processor.cpp:42] Can't find the db, the path is /mnt/data01/zmz/workspace/12agent/waic/build/engram_gate_w_reduce/operators/engram_gate_w_reduce/msprof_output/PROF_GROUP_20260702_063338/PROF_MemoryUB/PROF_000001_20260702063404004_04047629ACIBPLAP/device_3/sqlite/trace.db.
2026-07-02 06:34:07 [INFO] [4048185] [4048194] [data_processor.h:68] There are 0 records before STEP_TRACE data filtering, filterTime is 1782974044271162000.
2026-07-02 06:34:07 [INFO] [4048185] [4048194] [data_processor.h:73] There are 0 records after STEP_TRACE data filtering.
2026-07-02 06:34:07 [INFO] [4048185] [4048194] [data_processor.h:80] Save STEP_TRACE data into dataInventory
2026-07-02 06:34:07 [WARN] [4048185] [4048194] [data_processor.h:82] STEP_TRACE no data to inject to dataInventory
2026-07-02 06:34:07 [INFO] [4048185] [4048194] [data_processor.h:80] Save STEP_TRACE data into dataInventory
2026-07-02 06:34:07 [WARN] [4048185] [4048194] [data_processor.h:82] STEP_TRACE no data to inject to dataInventory
2026-07-02 06:34:07 [INFO] [4048185] [4048194] [data_processor.h:80] Save STEP_TRACE data into dataInventory
2026-07-02 06:34:07 [WARN] [4048185] [4048194] [data_processor.h:82] STEP_TRACE no data to inject to dataInventory
2026-07-02 06:34:07 [INFO] [4048185] [4048199] [data_processor.h:68] There are 4 records before TASK data filtering, filterTime is 1782974044271162000.
2026-07-02 06:34:07 [INFO] [4048185] [4048199] [data_processor.h:73] There are 4 records after TASK data filtering.
2026-07-02 06:34:07 [INFO] [4048185] [4048199] [data_processor.h:80] Save TASK data into dataInventory
2026-07-02 06:34:07 [INFO] [4048185] [4048195] [db_runner.h:90] Query data success: SELECT aic_total_cycles FROM MetricSummary
2026-07-02 06:34:07 [INFO] [4048185] [4048197] [db_runner.cpp:165] Get MetricSummary columns success
2026-07-02 06:34:07 [INFO] [4048185] [4048195] [db_runner.h:79] Start query data
2026-07-02 06:34:07 [INFO] [4048185] [4048197] [unified_pmu_processor.cpp:176] This column[task_id] does not need to be processed.
2026-07-02 06:34:07 [INFO] [4048185] [4048197] [unified_pmu_processor.cpp:176] This column[stream_id] does not need to be processed.
2026-07-02 06:34:07 [INFO] [4048185] [4048197] [unified_pmu_processor.cpp:176] This column[subtask_id] does not need to be processed.
2026-07-02 06:34:07 [INFO] [4048185] [4048197] [unified_pmu_processor.cpp:176] This column[batch_id] does not need to be processed.
2026-07-02 06:34:07 [INFO] [4048185] [4048197] [unified_pmu_processor.cpp:190] GetTaskBasedData, dbPath is /mnt/data01/zmz/workspace/12agent/waic/build/engram_gate_w_reduce/operators/engram_gate_w_reduce/msprof_output/PROF_GROUP_20260702_063338/PROF_MemoryUB/PROF_000001_20260702063404004_04047629ACIBPLAP/device_3/sqlite/metric_summary.db, column name is aic_total_time.
2026-07-02 06:34:07 [INFO] [4048185] [4048195] [db_runner.h:90] Query data success: SELECT ROUND(aic_ub_read_bw_scalar, 3) FROM MetricSummary
2026-07-02 06:34:07 [INFO] [4048185] [4048195] [db_runner.h:79] Start query data
2026-07-02 06:34:07 [INFO] [4048185] [4048197] [db_runner.h:79] Start query data
2026-07-02 06:34:07 [INFO] [4048185] [4048195] [db_runner.h:90] Query data success: SELECT ROUND(aic_ub_write_bw_scalar, 3) FROM MetricSummary
2026-07-02 06:34:07 [INFO] [4048185] [4048195] [db_runner.h:79] Start query data
2026-07-02 06:34:07 [INFO] [4048185] [4048197] [db_runner.h:90] Query data success: SELECT stream_id, task_id, subtask_id,  batch_id, aic_total_time FROM MetricSummary
2026-07-02 06:34:07 [INFO] [4048185] [4048197] [unified_pmu_processor.cpp:239] FormatTaskBasedData.
2026-07-02 06:34:07 [INFO] [4048185] [4048197] [unified_pmu_processor.cpp:190] GetTaskBasedData, dbPath is /mnt/data01/zmz/workspace/12agent/waic/build/engram_gate_w_reduce/operators/engram_gate_w_reduce/msprof_output/PROF_GROUP_20260702_063338/PROF_MemoryUB/PROF_000001_20260702063404004_04047629ACIBPLAP/device_3/sqlite/metric_summary.db, column name is aic_total_cycles.
2026-07-02 06:34:07 [INFO] [4048185] [4048195] [db_runner.h:90] Query data success: SELECT ROUND(aiv_total_time, 3) FROM MetricSummary
2026-07-02 06:34:07 [INFO] [4048185] [4048195] [db_runner.h:79] Start query data
2026-07-02 06:34:07 [INFO] [4048185] [4048197] [db_runner.h:79] Start query data
2026-07-02 06:34:07 [INFO] [4048185] [4048195] [db_runner.h:90] Query data success: SELECT aiv_total_cycles FROM MetricSummary
2026-07-02 06:34:07 [INFO] [4048185] [4048195] [db_runner.h:79] Start query data
2026-07-02 06:34:07 [INFO] [4048185] [4048197] [db_runner.h:90] Query data success: SELECT stream_id, task_id, subtask_id,  batch_id, aic_total_cycles FROM MetricSummary
2026-07-02 06:34:07 [INFO] [4048185] [4048197] [unified_pmu_processor.cpp:239] FormatTaskBasedData.
2026-07-02 06:34:07 [INFO] [4048185] [4048197] [unified_pmu_processor.cpp:190] GetTaskBasedData, dbPath is /mnt/data01/zmz/workspace/12agent/waic/build/engram_gate_w_reduce/operators/engram_gate_w_reduce/msprof_output/PROF_GROUP_20260702_063338/PROF_MemoryUB/PROF_000001_20260702063404004_04047629ACIBPLAP/device_3/sqlite/metric_summary.db, column name is aic_ub_read_bw_vector.
2026-07-02 06:34:07 [INFO] [4048185] [4048195] [db_runner.h:90] Query data success: SELECT ROUND(aiv_ub_read_bw_vector, 3) FROM MetricSummary
2026-07-02 06:34:07 [INFO] [4048185] [4048195] [db_runner.h:79] Start query data
2026-07-02 06:34:07 [INFO] [4048185] [4048197] [db_runner.h:79] Start query data
2026-07-02 06:34:07 [INFO] [4048185] [4048195] [db_runner.h:90] Query data success: SELECT ROUND(aiv_ub_write_bw_vector, 3) FROM MetricSummary
2026-07-02 06:34:07 [INFO] [4048185] [4048195] [db_runner.h:79] Start query data
2026-07-02 06:34:07 [INFO] [4048185] [4048197] [db_runner.h:90] Query data success: SELECT stream_id, task_id, subtask_id,  batch_id, aic_ub_read_bw_vector FROM MetricSummary
2026-07-02 06:34:07 [INFO] [4048185] [4048197] [unified_pmu_processor.cpp:239] FormatTaskBasedData.
2026-07-02 06:34:07 [INFO] [4048185] [4048197] [unified_pmu_processor.cpp:190] GetTaskBasedData, dbPath is /mnt/data01/zmz/workspace/12agent/waic/build/engram_gate_w_reduce/operators/engram_gate_w_reduce/msprof_output/PROF_GROUP_20260702_063338/PROF_MemoryUB/PROF_000001_20260702063404004_04047629ACIBPLAP/device_3/sqlite/metric_summary.db, column name is aic_ub_write_bw_vector.
2026-07-02 06:34:07 [INFO] [4048185] [4048195] [db_runner.h:90] Query data success: SELECT ROUND(aiv_ub_read_bw_scalar, 3) FROM MetricSummary
2026-07-02 06:34:07 [INFO] [4048185] [4048195] [db_runner.h:79] Start query data
2026-07-02 06:34:07 [INFO] [4048185] [4048197] [db_runner.h:79] Start query data
2026-07-02 06:34:07 [INFO] [4048185] [4048195] [db_runner.h:90] Query data success: SELECT ROUND(aiv_ub_write_bw_scalar, 3) FROM MetricSummary
2026-07-02 06:34:07 [INFO] [4048185] [4048197] [db_runner.h:90] Query data success: SELECT stream_id, task_id, subtask_id,  batch_id, aic_ub_write_bw_vector FROM MetricSummary
2026-07-02 06:34:07 [INFO] [4048185] [4048195] [db_runner.h:79] Start query data
2026-07-02 06:34:07 [INFO] [4048185] [4048197] [unified_pmu_processor.cpp:239] FormatTaskBasedData.
2026-07-02 06:34:07 [INFO] [4048185] [4048197] [unified_pmu_processor.cpp:190] GetTaskBasedData, dbPath is /mnt/data01/zmz/workspace/12agent/waic/build/engram_gate_w_reduce/operators/engram_gate_w_reduce/msprof_output/PROF_GROUP_20260702_063338/PROF_MemoryUB/PROF_000001_20260702063404004_04047629ACIBPLAP/device_3/sqlite/metric_summary.db, column name is aic_ub_read_bw_scalar.
2026-07-02 06:34:07 [INFO] [4048185] [4048195] [db_runner.h:90] Query data success: SELECT subtask_id FROM MetricSummary
2026-07-02 06:34:07 [INFO] [4048185] [4048195] [db_runner.h:79] Start query data
2026-07-02 06:34:07 [INFO] [4048185] [4048197] [db_runner.h:79] Start query data
2026-07-02 06:34:07 [INFO] [4048185] [4048195] [db_runner.h:90] Query data success: SELECT stream_id FROM MetricSummary
2026-07-02 06:34:07 [INFO] [4048185] [4048197] [db_runner.h:90] Query data success: SELECT stream_id, task_id, subtask_id,  batch_id, aic_ub_read_bw_scalar FROM MetricSummary
2026-07-02 06:34:07 [INFO] [4048185] [4048195] [db_runner.h:79] Start query data
2026-07-02 06:34:07 [INFO] [4048185] [4048197] [unified_pmu_processor.cpp:239] FormatTaskBasedData.
2026-07-02 06:34:07 [INFO] [4048185] [4048197] [unified_pmu_processor.cpp:190] GetTaskBasedData, dbPath is /mnt/data01/zmz/workspace/12agent/waic/build/engram_gate_w_reduce/operators/engram_gate_w_reduce/msprof_output/PROF_GROUP_20260702_063338/PROF_MemoryUB/PROF_000001_20260702063404004_04047629ACIBPLAP/device_3/sqlite/metric_summary.db, column name is aic_ub_write_bw_scalar.
2026-07-02 06:34:07 [INFO] [4048185] [4048195] [db_runner.h:90] Query data success: SELECT task_id FROM MetricSummary
2026-07-02 06:34:07 [INFO] [4048185] [4048195] [db_runner.h:79] Start query data
2026-07-02 06:34:07 [INFO] [4048185] [4048197] [db_runner.h:79] Start query data
2026-07-02 06:34:07 [INFO] [4048185] [4048195] [db_runner.h:90] Query data success: SELECT batch_id FROM MetricSummary
2026-07-02 06:34:07 [INFO] [4048185] [4048197] [db_runner.h:90] Query data success: SELECT stream_id, task_id, subtask_id,  batch_id, aic_ub_write_bw_scalar FROM MetricSummary
2026-07-02 06:34:07 [INFO] [4048185] [4048195] [metric_processor.cpp:298] FormatTaskBasedData.
2026-07-02 06:34:07 [INFO] [4048185] [4048195] [metric_processor.cpp:356] Calculating memory bound...
2026-07-02 06:34:07 [INFO] [4048185] [4048197] [unified_pmu_processor.cpp:239] FormatTaskBasedData.
2026-07-02 06:34:07 [INFO] [4048185] [4048195] [metric_processor.cpp:359] can't find memory bound needed column, no memory bound data added.
2026-07-02 06:34:07 [INFO] [4048185] [4048195] [metric_processor.cpp:464] Add cube usage
2026-07-02 06:34:07 [INFO] [4048185] [4048197] [unified_pmu_processor.cpp:190] GetTaskBasedData, dbPath is /mnt/data01/zmz/workspace/12agent/waic/build/engram_gate_w_reduce/operators/engram_gate_w_reduce/msprof_output/PROF_GROUP_20260702_063338/PROF_MemoryUB/PROF_000001_20260702063404004_04047629ACIBPLAP/device_3/sqlite/metric_summary.db, column name is aiv_total_time.
2026-07-02 06:34:07 [INFO] [4048185] [4048195] [metric_processor.cpp:467] No need to calculate cube usage.
2026-07-02 06:34:07 [INFO] [4048185] [4048197] [db_runner.h:79] Start query data
2026-07-02 06:34:07 [INFO] [4048185] [4048197] [db_runner.h:90] Query data success: SELECT stream_id, task_id, subtask_id,  batch_id, aiv_total_time FROM MetricSummary
2026-07-02 06:34:07 [INFO] [4048185] [4048197] [unified_pmu_processor.cpp:239] FormatTaskBasedData.
2026-07-02 06:34:07 [INFO] [4048185] [4048197] [unified_pmu_processor.cpp:190] GetTaskBasedData, dbPath is /mnt/data01/zmz/workspace/12agent/waic/build/engram_gate_w_reduce/operators/engram_gate_w_reduce/msprof_output/PROF_GROUP_20260702_063338/PROF_MemoryUB/PROF_000001_20260702063404004_04047629ACIBPLAP/device_3/sqlite/metric_summary.db, column name is aiv_total_cycles.
2026-07-02 06:34:07 [INFO] [4048185] [4048197] [db_runner.h:79] Start query data
2026-07-02 06:34:07 [INFO] [4048185] [4048197] [db_runner.h:90] Query data success: SELECT stream_id, task_id, subtask_id,  batch_id, aiv_total_cycles FROM MetricSummary
2026-07-02 06:34:07 [INFO] [4048185] [4048197] [unified_pmu_processor.cpp:239] FormatTaskBasedData.
2026-07-02 06:34:07 [INFO] [4048185] [4048197] [unified_pmu_processor.cpp:190] GetTaskBasedData, dbPath is /mnt/data01/zmz/workspace/12agent/waic/build/engram_gate_w_reduce/operators/engram_gate_w_reduce/msprof_output/PROF_GROUP_20260702_063338/PROF_MemoryUB/PROF_000001_20260702063404004_04047629ACIBPLAP/device_3/sqlite/metric_summary.db, column name is aiv_ub_read_bw_vector.
2026-07-02 06:34:07 [INFO] [4048185] [4048197] [db_runner.h:79] Start query data
2026-07-02 06:34:07 [INFO] [4048185] [4048197] [db_runner.h:90] Query data success: SELECT stream_id, task_id, subtask_id,  batch_id, aiv_ub_read_bw_vector FROM MetricSummary
2026-07-02 06:34:07 [INFO] [4048185] [4048197] [unified_pmu_processor.cpp:239] FormatTaskBasedData.
2026-07-02 06:34:07 [INFO] [4048185] [4048197] [unified_pmu_processor.cpp:190] GetTaskBasedData, dbPath is /mnt/data01/zmz/workspace/12agent/waic/build/engram_gate_w_reduce/operators/engram_gate_w_reduce/msprof_output/PROF_GROUP_20260702_063338/PROF_MemoryUB/PROF_000001_20260702063404004_04047629ACIBPLAP/device_3/sqlite/metric_summary.db, column name is aiv_ub_write_bw_vector.
2026-07-02 06:34:07 [INFO] [4048185] [4048197] [db_runner.h:79] Start query data
2026-07-02 06:34:07 [INFO] [4048185] [4048197] [db_runner.h:90] Query data success: SELECT stream_id, task_id, subtask_id,  batch_id, aiv_ub_write_bw_vector FROM MetricSummary
2026-07-02 06:34:07 [INFO] [4048185] [4048197] [unified_pmu_processor.cpp:239] FormatTaskBasedData.
2026-07-02 06:34:07 [INFO] [4048185] [4048197] [unified_pmu_processor.cpp:190] GetTaskBasedData, dbPath is /mnt/data01/zmz/workspace/12agent/waic/build/engram_gate_w_reduce/operators/engram_gate_w_reduce/msprof_output/PROF_GROUP_20260702_063338/PROF_MemoryUB/PROF_000001_20260702063404004_04047629ACIBPLAP/device_3/sqlite/metric_summary.db, column name is aiv_ub_read_bw_scalar.
2026-07-02 06:34:07 [INFO] [4048185] [4048197] [db_runner.h:79] Start query data
2026-07-02 06:34:07 [INFO] [4048185] [4048197] [db_runner.h:90] Query data success: SELECT stream_id, task_id, subtask_id,  batch_id, aiv_ub_read_bw_scalar FROM MetricSummary
2026-07-02 06:34:07 [INFO] [4048185] [4048197] [unified_pmu_processor.cpp:239] FormatTaskBasedData.
2026-07-02 06:34:07 [INFO] [4048185] [4048197] [unified_pmu_processor.cpp:190] GetTaskBasedData, dbPath is /mnt/data01/zmz/workspace/12agent/waic/build/engram_gate_w_reduce/operators/engram_gate_w_reduce/msprof_output/PROF_GROUP_20260702_063338/PROF_MemoryUB/PROF_000001_20260702063404004_04047629ACIBPLAP/device_3/sqlite/metric_summary.db, column name is aiv_ub_write_bw_scalar.
2026-07-02 06:34:07 [INFO] [4048185] [4048197] [db_runner.h:79] Start query data
2026-07-02 06:34:07 [INFO] [4048185] [4048197] [db_runner.h:90] Query data success: SELECT stream_id, task_id, subtask_id,  batch_id, aiv_ub_write_bw_scalar FROM MetricSummary
2026-07-02 06:34:07 [INFO] [4048185] [4048197] [unified_pmu_processor.cpp:239] FormatTaskBasedData.
2026-07-02 06:34:07 [INFO] [4048185] [4048197] [data_processor.h:80] Save TASK_PMU_INFO data into dataInventory
2026-07-02 06:34:07 [INFO] [4048185] [4048202] [summary_manager.cpp:58] Start exporting summary!
2026-07-02 06:34:07 [INFO] [4048185] [4048200] [db_assembler.cpp:1235] Start exporting db!
2026-07-02 06:34:07 [INFO] [4048185] [4048204] [summary_assembler.h:37] Begin to Assemble OP_SUMMARY data
2026-07-02 06:34:07 [INFO] [4048185] [4048203] [summary_assembler.h:37] Begin to Assemble COMMUNICATION_STATISTIC data
2026-07-02 06:34:07 [INFO] [4048185] [4048200] [db_assembler.cpp:1168] Find completed msprof db, /mnt/data01/zmz/workspace/12agent/waic/build/engram_gate_w_reduce/operators/engram_gate_w_reduce/msprof_output/PROF_GROUP_20260702_063338/PROF_MemoryUB/PROF_000001_20260702063404004_04047629ACIBPLAP/msprof_20260702063406.db.
2026-07-02 06:34:07 [INFO] [4048185] [4048207] [summary_assembler.h:37] Begin to Assemble OP_STATISTIC data
2026-07-02 06:34:07 [INFO] [4048185] [4048206] [summary_assembler.h:37] Begin to Assemble NPU_MEM data
2026-07-02 06:34:07 [WARN] [4048185] [4048206] [npu_memory_assembler.cpp:36] No data to export npu memory summary
2026-07-02 06:34:07 [WARN] [4048185] [4048206] [summary_assembler.h:43] No need to Export NPU_MEM data
2026-07-02 06:34:07 [INFO] [4048185] [4048206] [summary_assembler.h:37] Begin to Assemble API data
2026-07-02 06:34:07 [INFO] [4048185] [4048205] [summary_assembler.h:37] Begin to Assemble NPU_MODULE_MEM data
2026-07-02 06:34:07 [WARN] [4048185] [4048205] [npu_module_mem_assembler.cpp:45] No data to export npu module memory summary
2026-07-02 06:34:07 [WARN] [4048185] [4048205] [summary_assembler.h:43] No need to Export NPU_MODULE_MEM data
2026-07-02 06:34:07 [INFO] [4048185] [4048205] [summary_assembler.h:37] Begin to Assemble FUSION_OP data
2026-07-02 06:34:07 [WARN] [4048185] [4048205] [fusion_op_assembler.cpp:72] fusion op data not exist.
2026-07-02 06:34:07 [WARN] [4048185] [4048205] [summary_assembler.h:43] No need to Export FUSION_OP data
2026-07-02 06:34:07 [INFO] [4048185] [4048205] [summary_assembler.h:37] Begin to Assemble TASK_TIME_SUMMARY data
2026-07-02 06:34:07 [INFO] [4048185] [4048205] [csv_writer.cpp:81] Start dump /mnt/data01/zmz/workspace/12agent/waic/build/engram_gate_w_reduce/operators/engram_gate_w_reduce/msprof_output/PROF_GROUP_20260702_063338/PROF_MemoryUB/PROF_000001_20260702063404004_04047629ACIBPLAP/mindstudio_profiler_output/task_time.csv, timestamp is 20260702063407.
2026-07-02 06:34:07 [INFO] [4048185] [4048205] [file.cpp:399] The file not exists: /mnt/data01/zmz/workspace/12agent/waic/build/engram_gate_w_reduce/operators/engram_gate_w_reduce/msprof_output/PROF_GROUP_20260702_063338/PROF_MemoryUB/PROF_000001_20260702063404004_04047629ACIBPLAP/mindstudio_profiler_output/task_time_20260702063407.csv.
2026-07-02 06:34:07 [INFO] [4048185] [4048206] [csv_writer.cpp:81] Start dump /mnt/data01/zmz/workspace/12agent/waic/build/engram_gate_w_reduce/operators/engram_gate_w_reduce/msprof_output/PROF_GROUP_20260702_063338/PROF_MemoryUB/PROF_000001_20260702063404004_04047629ACIBPLAP/mindstudio_profiler_output/api_statistic.csv, timestamp is 20260702063407.
2026-07-02 06:34:07 [WARN] [4048185] [4048203] [comm_statistic_assembler.cpp:60] Communication Statistic data not exist.
2026-07-02 06:34:07 [INFO] [4048185] [4048204] [csv_writer.cpp:81] Start dump /mnt/data01/zmz/workspace/12agent/waic/build/engram_gate_w_reduce/operators/engram_gate_w_reduce/msprof_output/PROF_GROUP_20260702_063338/PROF_MemoryUB/PROF_000001_20260702063404004_04047629ACIBPLAP/mindstudio_profiler_output/op_summary.csv, timestamp is 20260702063407.
2026-07-02 06:34:07 [WARN] [4048185] [4048203] [summary_assembler.h:43] No need to Export COMMUNICATION_STATISTIC data
2026-07-02 06:34:07 [INFO] [4048185] [4048203] [summary_assembler.h:37] Begin to Assemble STEP_TRACE data
2026-07-02 06:34:07 [WARN] [4048185] [4048203] [summary_step_trace_assembler.cpp:63] trainTraceData not exists, can't export step trace data.
2026-07-02 06:34:07 [WARN] [4048185] [4048203] [summary_assembler.h:43] No need to Export STEP_TRACE data
2026-07-02 06:34:07 [INFO] [4048185] [4048207] [csv_writer.cpp:81] Start dump /mnt/data01/zmz/workspace/12agent/waic/build/engram_gate_w_reduce/operators/engram_gate_w_reduce/msprof_output/PROF_GROUP_20260702_063338/PROF_MemoryUB/PROF_000001_20260702063404004_04047629ACIBPLAP/mindstudio_profiler_output/op_statistic.csv, timestamp is 20260702063407.
2026-07-02 06:34:07 [INFO] [4048185] [4048204] [file.cpp:399] The file not exists: /mnt/data01/zmz/workspace/12agent/waic/build/engram_gate_w_reduce/operators/engram_gate_w_reduce/msprof_output/PROF_GROUP_20260702_063338/PROF_MemoryUB/PROF_000001_20260702063404004_04047629ACIBPLAP/mindstudio_profiler_output/op_summary_20260702063407.csv.
2026-07-02 06:34:07 [INFO] [4048185] [4048207] [file.cpp:399] The file not exists: /mnt/data01/zmz/workspace/12agent/waic/build/engram_gate_w_reduce/operators/engram_gate_w_reduce/msprof_output/PROF_GROUP_20260702_063338/PROF_MemoryUB/PROF_000001_20260702063404004_04047629ACIBPLAP/mindstudio_profiler_output/op_statistic_20260702063407.csv.
2026-07-02 06:34:07 [INFO] [4048185] [4048206] [file.cpp:399] The file not exists: /mnt/data01/zmz/workspace/12agent/waic/build/engram_gate_w_reduce/operators/engram_gate_w_reduce/msprof_output/PROF_GROUP_20260702_063338/PROF_MemoryUB/PROF_000001_20260702063404004_04047629ACIBPLAP/mindstudio_profiler_output/api_statistic_20260702063407.csv.
2026-07-02 06:34:07 [INFO] [4048185] [4048205] [csv_writer.cpp:88] Generate /mnt/data01/zmz/workspace/12agent/waic/build/engram_gate_w_reduce/operators/engram_gate_w_reduce/msprof_output/PROF_GROUP_20260702_063338/PROF_MemoryUB/PROF_000001_20260702063404004_04047629ACIBPLAP/mindstudio_profiler_output/task_time.csv finished, timestamp is 20260702063407.
2026-07-02 06:34:07 [INFO] [4048185] [4048205] [summary_assembler.h:40] Assemble and export TASK_TIME_SUMMARY data success
2026-07-02 06:34:07 [INFO] [4048185] [4048204] [csv_writer.cpp:88] Generate /mnt/data01/zmz/workspace/12agent/waic/build/engram_gate_w_reduce/operators/engram_gate_w_reduce/msprof_output/PROF_GROUP_20260702_063338/PROF_MemoryUB/PROF_000001_20260702063404004_04047629ACIBPLAP/mindstudio_profiler_output/op_summary.csv finished, timestamp is 20260702063407.
2026-07-02 06:34:07 [INFO] [4048185] [4048204] [summary_assembler.h:40] Assemble and export OP_SUMMARY data success
2026-07-02 06:34:07 [INFO] [4048185] [4048207] [csv_writer.cpp:88] Generate /mnt/data01/zmz/workspace/12agent/waic/build/engram_gate_w_reduce/operators/engram_gate_w_reduce/msprof_output/PROF_GROUP_20260702_063338/PROF_MemoryUB/PROF_000001_20260702063404004_04047629ACIBPLAP/mindstudio_profiler_output/op_statistic.csv finished, timestamp is 20260702063407.
2026-07-02 06:34:07 [INFO] [4048185] [4048207] [summary_assembler.h:40] Assemble and export OP_STATISTIC data success
2026-07-02 06:34:07 [INFO] [4048185] [4048206] [csv_writer.cpp:88] Generate /mnt/data01/zmz/workspace/12agent/waic/build/engram_gate_w_reduce/operators/engram_gate_w_reduce/msprof_output/PROF_GROUP_20260702_063338/PROF_MemoryUB/PROF_000001_20260702063404004_04047629ACIBPLAP/mindstudio_profiler_output/api_statistic.csv finished, timestamp is 20260702063407.
2026-07-02 06:34:07 [INFO] [4048185] [4048206] [summary_assembler.h:40] Assemble and export API data success
