[INFO] Start profiling....
[INFO] Start export data in PROF_000001_20260703044615365_01961830OCQGJNOK.
Fri 03 Jul 2026 04:46:18 [WARNING] [MSVP] [1961904] msprof_entrance.py: Msprof analysis is parsing data as root, which may cause potential system security risks.
Fri 03 Jul 2026 04:46:18 [INFO] [MSVP] [1961906] msprof_common.py: Start analyzing data in "/mnt/data01/zmz/workspace/12agent/waic/build/engram_gate_bwd/operators/engram_gate_bwd/docs/perf/round_001/PROF_GROUP_20260703_044545/PROF_MemoryUB/PROF_000001_20260703044615365_01961830OCQGJNOK/host" ...
Fri 03 Jul 2026 04:46:18 [INFO] [MSVP] [1961906] msprof_common.py: It may take few minutes, please be patient ...
Fri 03 Jul 2026 04:46:18 [INFO] [MSVP] [1961906] msprof_common.py: Analysis data in "/mnt/data01/zmz/workspace/12agent/waic/build/engram_gate_bwd/operators/engram_gate_bwd/docs/perf/round_001/PROF_GROUP_20260703_044545/PROF_MemoryUB/PROF_000001_20260703044615365_01961830OCQGJNOK/host" finished.
Fri 03 Jul 2026 04:46:18 [INFO] [MSVP] [1961906] msprof_common.py: Start analyzing data in "/mnt/data01/zmz/workspace/12agent/waic/build/engram_gate_bwd/operators/engram_gate_bwd/docs/perf/round_001/PROF_GROUP_20260703_044545/PROF_MemoryUB/PROF_000001_20260703044615365_01961830OCQGJNOK/device_1" ...
Fri 03 Jul 2026 04:46:18 [INFO] [MSVP] [1961906] msprof_common.py: It may take few minutes, please be patient ...
Fri 03 Jul 2026 04:46:18 [INFO] [MSVP] [1961906] msprof_common.py: Analysis data in "/mnt/data01/zmz/workspace/12agent/waic/build/engram_gate_bwd/operators/engram_gate_bwd/docs/perf/round_001/PROF_GROUP_20260703_044545/PROF_MemoryUB/PROF_000001_20260703044615365_01961830OCQGJNOK/device_1" finished.
Fri 03 Jul 2026 04:46:18 [INFO] [MSVP] [1961906] msprof_export.py: All collected data will be exported, path is: /mnt/data01/zmz/workspace/12agent/waic/build/engram_gate_bwd/operators/engram_gate_bwd/docs/perf/round_001/PROF_GROUP_20260703_044545/PROF_MemoryUB/PROF_000001_20260703044615365_01961830OCQGJNOK/device_1.
Fri 03 Jul 2026 04:46:19 [WARNING] [MSVP] [1962086] msprof_entrance.py: Msprof analysis is parsing data as root, which may cause potential system security risks.
Fri 03 Jul 2026 04:46:19 [INFO] [MSVP] [1962088] msprof_export.py: The data in "/mnt/data01/zmz/workspace/12agent/waic/build/engram_gate_bwd/operators/engram_gate_bwd/docs/perf/round_001/PROF_GROUP_20260703_044545/PROF_MemoryUB/PROF_000001_20260703044615365_01961830OCQGJNOK/host" has been analyzed. Parsing phase will be skipped.
Fri 03 Jul 2026 04:46:19 [INFO] [MSVP] [1962088] msprof_export.py: The data in "/mnt/data01/zmz/workspace/12agent/waic/build/engram_gate_bwd/operators/engram_gate_bwd/docs/perf/round_001/PROF_GROUP_20260703_044545/PROF_MemoryUB/PROF_000001_20260703044615365_01961830OCQGJNOK/device_1" has been analyzed. Parsing phase will be skipped.
Fri 03 Jul 2026 04:46:19 [INFO] [MSVP] [1962088] msprof_export.py: All collected data will be exported, path is: /mnt/data01/zmz/workspace/12agent/waic/build/engram_gate_bwd/operators/engram_gate_bwd/docs/perf/round_001/PROF_GROUP_20260703_044545/PROF_MemoryUB/PROF_000001_20260703044615365_01961830OCQGJNOK/device_1.
Fri 03 Jul 2026 04:46:19 [INFO] [MSVP] [1962088] msprof_export.py: There is no summary data to export for "/mnt/data01/zmz/workspace/12agent/waic/build/engram_gate_bwd/operators/engram_gate_bwd/docs/perf/round_001/PROF_GROUP_20260703_044545/PROF_MemoryUB/PROF_000001_20260703044615365_01961830OCQGJNOK/host"
Fri 03 Jul 2026 04:46:19 [INFO] [MSVP] [1962088] msprof_export.py: All collected data will be exported, path is: /mnt/data01/zmz/workspace/12agent/waic/build/engram_gate_bwd/operators/engram_gate_bwd/docs/perf/round_001/PROF_GROUP_20260703_044545/PROF_MemoryUB/PROF_000001_20260703044615365_01961830OCQGJNOK/device_1.
Fri 03 Jul 2026 04:46:19 [INFO] [MSVP] [1962088] msprof_export.py: There is no summary data to export for "/mnt/data01/zmz/workspace/12agent/waic/build/engram_gate_bwd/operators/engram_gate_bwd/docs/perf/round_001/PROF_GROUP_20260703_044545/PROF_MemoryUB/PROF_000001_20260703044615365_01961830OCQGJNOK/device_1"
Fri 03 Jul 2026 04:46:19 [INFO] [MSVP] [1962088] msprof_common.py: Start exporting summary output_file.
Fri 03 Jul 2026 04:46:19 [INFO] [MSVP] [1962088] msprof_common.py: End exporting summary output_file.The file is stored in the /mnt/data01/zmz/workspace/12agent/waic/build/engram_gate_bwd/operators/engram_gate_bwd/docs/perf/round_001/PROF_GROUP_20260703_044545/PROF_MemoryUB/PROF_000001_20260703044615365_01961830OCQGJNOK/mindstudio_profiler_output path.
[INFO] Export all data in PROF_000001_20260703044615365_01961830OCQGJNOK done.
[INFO] Start query data in PROF_000001_20260703044615365_01961830OCQGJNOK.
Fri 03 Jul 2026 04:46:20 [WARNING] [MSVP] [1962134] msprof_entrance.py: Msprof analysis is parsing data as root, which may cause potential system security risks.
Job Info	Device ID	Dir Name	Collection Time           	Model ID	Iteration Number	Top Time Iteration	Rank ID	

NA      	         	host    	2026-07-03 04:46:15.651218	N/A     	N/A             	N/A               	-1     	

NA      	1        	device_1	2026-07-03 04:46:15.654526	N/A     	N/A             	N/A               	-1     	

[INFO] Query all data in PROF_000001_20260703044615365_01961830OCQGJNOK done.
[INFO] Profiling finished.
[INFO] Process profiling data complete. Data is saved in /mnt/data01/zmz/workspace/12agent/waic/build/engram_gate_bwd/operators/engram_gate_bwd/docs/perf/round_001/PROF_GROUP_20260703_044545/PROF_MemoryUB/PROF_000001_20260703044615365_01961830OCQGJNOK
