2026-06-30 13:27:14 [INFO] [4013956] [4013956] [kernel_parser_worker.cpp:46] Start run KernelParserWorker
2026-06-30 13:27:14 [INFO] [4013956] [4013958] [kernel_parser_worker.cpp:62] Start parse type info data
2026-06-30 13:27:14 [INFO] [4013956] [4013959] [kernel_parser_worker.cpp:58] Start parse hash data
2026-06-30 13:27:14 [INFO] [4013956] [4013958] [kernel_parser_worker.cpp:100] Typeinfo data load from path: /mnt/data01/zmz/workspace/12agent/waic/build/apply_mix/operators/apply_mix/msprof_output/PROF_GROUP_20260630_132652/PROF_MemoryL0/PROF_000001_20260630132712366_04013865BLLCMAGE/host/data
2026-06-30 13:27:14 [INFO] [4013956] [4013959] [kernel_parser_worker.cpp:78] Hash data load from path: /mnt/data01/zmz/workspace/12agent/waic/build/apply_mix/operators/apply_mix/msprof_output/PROF_GROUP_20260630_132652/PROF_MemoryL0/PROF_000001_20260630132712366_04013865BLLCMAGE/host/data
2026-06-30 13:27:14 [INFO] [4013956] [4013959] [kernel_parser_worker.cpp:80] Start load runtime op info data
2026-06-30 13:27:14 [INFO] [4013956] [4013959] [kernel_parser_worker.cpp:83] success get hash data
2026-06-30 13:27:14 [INFO] [4013956] [4013959] [kernel_parser_worker.cpp:90] success get hashDbDumper
2026-06-30 13:27:14 [INFO] [4013956] [4013959] [db_runner.cpp:53] Start create GeHashInfo
2026-06-30 13:27:14 [INFO] [4013956] [4013959] [db_runner.cpp:66] create GeHashInfo success
2026-06-30 13:27:14 [INFO] [4013956] [4013959] [db_runner.h:61] Start insert data to GeHashInfo
2026-06-30 13:27:14 [INFO] [4013956] [4013958] [db_runner.cpp:53] Start create TypeHashInfo
2026-06-30 13:27:14 [INFO] [4013956] [4013959] [db_runner.h:72] insert data to GeHashInfo success
2026-06-30 13:27:14 [INFO] [4013956] [4013959] [base_dumper.h:56] Dump GeHashInfo data success
2026-06-30 13:27:14 [INFO] [4013956] [4013958] [db_runner.cpp:66] create TypeHashInfo success
2026-06-30 13:27:14 [INFO] [4013956] [4013958] [db_runner.h:61] Start insert data to TypeHashInfo
2026-06-30 13:27:14 [INFO] [4013956] [4013958] [db_runner.h:72] insert data to TypeHashInfo success
2026-06-30 13:27:14 [INFO] [4013956] [4013958] [base_dumper.h:56] Dump TypeHashInfo data success
2026-06-30 13:27:14 [INFO] [4013956] [4013956] [time_logger.h:32] HostTraceWorker start
2026-06-30 13:27:14 [INFO] [4013956] [4013956] [time_logger.h:32] Group all events start
2026-06-30 13:27:14 [INFO] [4013956] [4013960] [time_logger.h:32] Group Kernel start
2026-06-30 13:27:14 [INFO] [4013956] [4013967] [time_logger.h:32] Group GraphIdMap start
2026-06-30 13:27:14 [INFO] [4013956] [4013963] [time_logger.h:32] Group FusionOpInfo start
2026-06-30 13:27:14 [INFO] [4013956] [4013962] [time_logger.h:32] Group NodeBasicInfo start
2026-06-30 13:27:14 [INFO] [4013956] [4013961] [time_logger.h:32] Group NodeAttrInfo start
2026-06-30 13:27:14 [INFO] [4013956] [4013967] [time_logger.h:39] Group GraphIdMap end, cost time = 0 ms
2026-06-30 13:27:14 [INFO] [4013956] [4013966] [time_logger.h:32] Group TensorInfo start
2026-06-30 13:27:14 [INFO] [4013956] [4013964] [time_logger.h:32] Group ContextId start
2026-06-30 13:27:14 [INFO] [4013956] [4013963] [time_logger.h:39] Group FusionOpInfo end, cost time = 0 ms
2026-06-30 13:27:14 [INFO] [4013956] [4013961] [time_logger.h:39] Group NodeAttrInfo end, cost time = 0 ms
2026-06-30 13:27:14 [INFO] [4013956] [4013963] [time_logger.h:32] Group TaskTrack start
2026-06-30 13:27:14 [INFO] [4013956] [4013965] [time_logger.h:32] Group HcclInfo start
2026-06-30 13:27:14 [INFO] [4013956] [4013967] [time_logger.h:32] Group HcclOpInfo start
2026-06-30 13:27:14 [INFO] [4013956] [4013962] [time_logger.h:39] Group NodeBasicInfo end, cost time = 0 ms
2026-06-30 13:27:14 [INFO] [4013956] [4013960] [time_logger.h:39] Group Kernel end, cost time = 0 ms
2026-06-30 13:27:14 [INFO] [4013956] [4013966] [time_logger.h:39] Group TensorInfo end, cost time = 0 ms
2026-06-30 13:27:14 [INFO] [4013956] [4013964] [time_logger.h:39] Group ContextId end, cost time = 0 ms
2026-06-30 13:27:14 [INFO] [4013956] [4013965] [time_logger.h:39] Group HcclInfo end, cost time = 0 ms
2026-06-30 13:27:14 [INFO] [4013956] [4013967] [time_logger.h:39] Group HcclOpInfo end, cost time = 0 ms
2026-06-30 13:27:14 [INFO] [4013956] [4013963] [time_logger.h:39] Group TaskTrack end, cost time = 0 ms
2026-06-30 13:27:14 [INFO] [4013956] [4013956] [event_grouper.cpp:127] After group events, Kernel: 20, GraphId: 0, FusionOp: 0, NodeBasic: 1, NodeAttr: 0, Tensor: 0, ContextId: 0, HcclInfo: 0, TaskTrack: 2, HcclOpInfo: 0, thread: 4013865
2026-06-30 13:27:14 [INFO] [4013956] [4013956] [time_logger.h:39] Group all events end, cost time = 1 ms
2026-06-30 13:27:14 [INFO] [4013956] [4013968] [time_logger.h:32] Dump api data start start
2026-06-30 13:27:14 [INFO] [4013956] [4013969] [time_logger.h:32] Dump flip tasks data start start
2026-06-30 13:27:14 [INFO] [4013956] [4013970] [time_logger.h:32] Dump model name data start start
2026-06-30 13:27:14 [INFO] [4013956] [4013968] [db_runner.cpp:53] Start create ApiData
2026-06-30 13:27:14 [INFO] [4013956] [4013971] [time_logger.h:32] Multi thread build tree start
2026-06-30 13:27:14 [INFO] [4013956] [4013969] [db_runner.cpp:53] Start create HostTaskFlip
2026-06-30 13:27:14 [WARN] [4013956] [4013970] [base_dumper.h:42] Input data is empty, pass dump
2026-06-30 13:27:14 [INFO] [4013956] [4013970] [time_logger.h:39] Dump model name data start end, cost time = 0 ms
2026-06-30 13:27:14 [INFO] [4013956] [4013978] [host_trace_worker.cpp:69] Start multi thread build tree, threadId = 4013865
2026-06-30 13:27:14 [INFO] [4013956] [4013978] [event_queue.cpp:72] EventQueue for thread 4013865 is empty
2026-06-30 13:27:14 [INFO] [4013956] [4013978] [event_queue.cpp:72] EventQueue for thread 4013865 is empty
2026-06-30 13:27:14 [INFO] [4013956] [4013969] [db_runner.cpp:66] create HostTaskFlip success
2026-06-30 13:27:14 [INFO] [4013956] [4013968] [db_runner.cpp:66] create ApiData success
2026-06-30 13:27:14 [INFO] [4013956] [4013969] [db_runner.h:61] Start insert data to HostTaskFlip
2026-06-30 13:27:14 [INFO] [4013956] [4013968] [db_runner.h:61] Start insert data to ApiData
2026-06-30 13:27:14 [WARN] [4013956] [4013989] [tree_builder.cpp:192] No Events, event type: 8, threadId = 4013865
2026-06-30 13:27:14 [INFO] [4013956] [4013989] [tree_builder.cpp:234] Add LevelEvents done, threadId = 4013865, event type: 2, matchCnt = 1, mismatchCnt = 0 
2026-06-30 13:27:14 [WARN] [4013956] [4013989] [tree_builder.cpp:192] No Events, event type: 3, threadId = 4013865
2026-06-30 13:27:14 [WARN] [4013956] [4013989] [tree_builder.cpp:192] No Events, event type: 4, threadId = 4013865
2026-06-30 13:27:14 [WARN] [4013956] [4013989] [tree_builder.cpp:192] No Events, event type: 6, threadId = 4013865
2026-06-30 13:27:14 [WARN] [4013956] [4013989] [tree_builder.cpp:192] No Events, event type: 10, threadId = 4013865
2026-06-30 13:27:14 [WARN] [4013956] [4013990] [tree_builder.cpp:192] No Events, event type: 6, threadId = 4013865
2026-06-30 13:27:14 [WARN] [4013956] [4013990] [tree_builder.cpp:192] No Events, event type: 5, threadId = 4013865
2026-06-30 13:27:14 [INFO] [4013956] [4013978] [tree_builder.cpp:73] Build Tree End, ThreadId = 4013865
2026-06-30 13:27:14 [INFO] [4013956] [4013969] [db_runner.h:72] insert data to HostTaskFlip success
2026-06-30 13:27:14 [INFO] [4013956] [4013978] [host_trace_worker.cpp:79] Multi thread build tree done, threadId = 4013865
2026-06-30 13:27:14 [INFO] [4013956] [4013969] [base_dumper.h:56] Dump HostTaskFlip data success
2026-06-30 13:27:14 [INFO] [4013956] [4013968] [db_runner.h:72] insert data to ApiData success
2026-06-30 13:27:14 [INFO] [4013956] [4013969] [time_logger.h:39] Dump flip tasks data start end, cost time = 1 ms
2026-06-30 13:27:14 [INFO] [4013956] [4013968] [base_dumper.h:56] Dump ApiData data success
2026-06-30 13:27:14 [INFO] [4013956] [4013968] [time_logger.h:39] Dump api data start end, cost time = 1 ms
2026-06-30 13:27:14 [INFO] [4013956] [4013971] [time_logger.h:39] Multi thread build tree end, cost time = 1 ms
2026-06-30 13:27:14 [INFO] [4013956] [4013971] [time_logger.h:32] Multi thread analyze tree and dump data start
2026-06-30 13:27:14 [INFO] [4013956] [4013991] [host_trace_worker.cpp:95] Start analyze tree and dump data, threadId = 4013865
2026-06-30 13:27:14 [INFO] [4013956] [4013991] [time_logger.h:32] Dump CANN data start
2026-06-30 13:27:14 [INFO] [4013956] [4014001] [cann_trace_db_dumper.cpp:148] Empty hccl OPs
2026-06-30 13:27:14 [INFO] [4013956] [4014001] [cann_trace_db_dumper.cpp:396] Empty hccl tasks
2026-06-30 13:27:14 [INFO] [4013956] [4014003] [time_logger.h:32] Dump host tasks start
2026-06-30 13:27:14 [INFO] [4013956] [4014002] [cann_trace_db_dumper.cpp:217] Empty kernel tasks
2026-06-30 13:27:14 [INFO] [4013956] [4014003] [db_runner.cpp:53] Start create HostTask
2026-06-30 13:27:14 [INFO] [4013956] [4014004] [cann_trace_db_dumper.cpp:449] Empty geFusionOps
2026-06-30 13:27:14 [INFO] [4013956] [4014003] [db_runner.cpp:66] create HostTask success
2026-06-30 13:27:14 [INFO] [4013956] [4014003] [db_runner.h:61] Start insert data to HostTask
2026-06-30 13:27:14 [INFO] [4013956] [4014003] [db_runner.h:72] insert data to HostTask success
2026-06-30 13:27:14 [INFO] [4013956] [4014003] [time_logger.h:39] Dump host tasks end, cost time = 0 ms
2026-06-30 13:27:14 [INFO] [4013956] [4013991] [time_logger.h:39] Dump CANN data end, cost time = 1 ms
2026-06-30 13:27:14 [INFO] [4013956] [4013991] [host_trace_worker.cpp:103] Dump cann trace data done, threadId = 4013865
2026-06-30 13:27:14 [INFO] [4013956] [4013971] [time_logger.h:39] Multi thread analyze tree and dump data end, cost time = 2 ms
2026-06-30 13:27:14 [INFO] [4013956] [4013956] [time_logger.h:32] Dump memcpy info data start start
2026-06-30 13:27:14 [WARN] [4013956] [4013956] [base_dumper.h:42] Input data is empty, pass dump
2026-06-30 13:27:14 [INFO] [4013956] [4013956] [time_logger.h:39] Dump memcpy info data start end, cost time = 0 ms
2026-06-30 13:27:14 [INFO] [4013956] [4013956] [time_logger.h:39] HostTraceWorker end, cost time = 5 ms
